RED run start 2026-10-02 19:00:17 HEAD=a6b228f ProjectMSource.cpp sha=bd514bffe4a4423c
         path /Users/boriskarpman/.local/opt/projectm-4.1.1-fbo1/lib (offset 12)
Errors while running CTest
ctest exit=8 2026-10-02 19:00:30
1/7 Test #500: test_projectm_canvas_gl:T1 MilkDrop fills its whole canvas-sized texture at every size ....***Failed    2.16 sec
2/7 Test #501: test_projectm_canvas_gl:T2 MilkDrop follows a canvas change from the first frame ..........***Failed    0.42 sec
3/7 Test #502: test_projectm_canvas_gl:T3 MilkDrop keeps every region of the canvas live .................***Failed    1.04 sec
4/7 Test #503: test_projectm_canvas_gl:T4 MilkDrop draws round shapes round at the canvas's shape ........***Failed    3.10 sec
5/7 Test #504: test_projectm_canvas_gl:T5 render() leaves the caller's GL state exactly as it found it ...***Failed    1.13 sec
6/7 Test #505: test_projectm_canvas_gl:T6 a MilkDrop soft cut draws into the canvas texture ..............***Failed    2.58 sec
7/7 Test #506: test_projectm_canvas_gl:T6b a MilkDrop soft cut survives a canvas change ..................***Failed    2.58 sec
0% tests passed, 7 tests failed out of 7
	500 - test_projectm_canvas_gl:T1 MilkDrop fills its whole canvas-sized texture at every size (Failed)
	501 - test_projectm_canvas_gl:T2 MilkDrop follows a canvas change from the first frame (Failed)
	502 - test_projectm_canvas_gl:T3 MilkDrop keeps every region of the canvas live (Failed)
	503 - test_projectm_canvas_gl:T4 MilkDrop draws round shapes round at the canvas's shape (Failed)
	504 - test_projectm_canvas_gl:T5 render() leaves the caller's GL state exactly as it found it (Failed)
	505 - test_projectm_canvas_gl:T6 a MilkDrop soft cut draws into the canvas texture (Failed)
	506 - test_projectm_canvas_gl:T6b a MilkDrop soft cut survives a canvas change (Failed)
direct exit=42

===============================================================================
test cases:   7 |   0 passed |   7 failed
assertions: 587 | 376 passed | 211 failed

