rep start 19:50:38
rce-ordinary + flexi - far away distance (custom beat detection + bipolar colour ghost mix).milk | P1CAL 1920x1080 audio=0 ta=3.014 tb=3.524 frames=221 alpha255=100.000%/100.000% tiles=510 bad=0 min_tile_changed=87.2% meanlum=59.3
rce-ordinary + flexi - far away distance (custom beat detection + bipolar colour ghost mix).milk | P1CAL 1920x1080 audio=1 ta=3.015 tb=3.527 frames=221 alpha255=100.000%/100.000% tiles=510 bad=0 min_tile_changed=82.8% meanlum=58.6
rce-ordinary + flexi - far away distance (custom beat detection + bipolar colour ghost mix).milk | P1CAL 1080x1920 audio=0 ta=3.014 tb=3.524 frames=221 alpha255=100.000%/100.000% tiles=510 bad=0 min_tile_changed=83.1% meanlum=61.4
rce-ordinary + flexi - far away distance (custom beat detection + bipolar colour ghost mix).milk | P1CAL 1080x1920 audio=1 ta=3.014 tb=3.523 frames=221 alpha255=100.000%/100.000% tiles=510 bad=0 min_tile_changed=75.1% meanlum=58.4
rce-ordinary + flexi - far away distance (custom beat detection + bipolar colour ghost mix).milk | P1CAL 1920x1080 audio=0 ta=3.013 tb=3.526 frames=221 alpha255=100.000%/100.000% tiles=510 bad=0 min_tile_changed=88.5% meanlum=59.6
rce-ordinary + flexi - far away distance (custom beat detection + bipolar colour ghost mix).milk | P1CAL 1920x1080 audio=1 ta=3.014 tb=3.526 frames=221 alpha255=100.000%/100.000% tiles=510 bad=0 min_tile_changed=86.7% meanlum=59.1
rce-ordinary + flexi - far away distance (custom beat detection + bipolar colour ghost mix).milk | P1CAL 1080x1920 audio=0 ta=3.014 tb=3.527 frames=221 alpha255=100.000%/100.000% tiles=510 bad=0 min_tile_changed=82.0% meanlum=62.0
rce-ordinary + flexi - far away distance (custom beat detection + bipolar colour ghost mix).milk | P1CAL 1080x1920 audio=1 ta=3.014 tb=3.524 frames=221 alpha255=100.000%/100.000% tiles=510 bad=0 min_tile_changed=82.8% meanlum=58.2
rce-ordinary + flexi - far away distance (custom beat detection + bipolar colour ghost mix).milk | P1CAL 1920x1080 audio=0 ta=3.014 tb=3.526 frames=221 alpha255=100.000%/100.000% tiles=510 bad=0 min_tile_changed=63.8% meanlum=59.5
rce-ordinary + flexi - far away distance (custom beat detection + bipolar colour ghost mix).milk | P1CAL 1920x1080 audio=1 ta=3.011 tb=3.527 frames=221 alpha255=100.000%/100.000% tiles=510 bad=0 min_tile_changed=89.6% meanlum=58.6
rce-ordinary + flexi - far away distance (custom beat detection + bipolar colour ghost mix).milk | P1CAL 1080x1920 audio=0 ta=3.014 tb=3.528 frames=221 alpha255=100.000%/100.000% tiles=510 bad=0 min_tile_changed=83.3% meanlum=62.1
rce-ordinary + flexi - far away distance (custom beat detection + bipolar colour ghost mix).milk | P1CAL 1080x1920 audio=1 ta=3.010 tb=3.528 frames=221 alpha255=100.000%/100.000% tiles=510 bad=0 min_tile_changed=75.8% meanlum=57.9
BEST OF ADAMFX 2 Flexi + Geiss - Bipolar vs reaction diffusion + Another Flexi + Fishbrain  + Phat Zylot 5.milk | P1CAL 1920x1080 audio=0 ta=3.015 tb=3.523 frames=221 alpha255=100.000%/100.000% tiles=510 bad=0 min_tile_changed=73.9% meanlum=66.1
BEST OF ADAMFX 2 Flexi + Geiss - Bipolar vs reaction diffusion + Another Flexi + Fishbrain  + Phat Zylot 5.milk | P1CAL 1920x1080 audio=1 ta=3.010 tb=3.523 frames=221 alpha255=100.000%/100.000% tiles=510 bad=0 min_tile_changed=70.9% meanlum=61.2
BEST OF ADAMFX 2 Flexi + Geiss - Bipolar vs reaction diffusion + Another Flexi + Fishbrain  + Phat Zylot 5.milk | P1CAL 1080x1920 audio=0 ta=3.016 tb=3.522 frames=221 alpha255=100.000%/100.000% tiles=510 bad=0 min_tile_changed=71.8% meanlum=29.9
BEST OF ADAMFX 2 Flexi + Geiss - Bipolar vs reaction diffusion + Another Flexi + Fishbrain  + Phat Zylot 5.milk | P1CAL 1080x1920 audio=1 ta=3.015 tb=3.524 frames=221 alpha255=100.000%/100.000% tiles=510 bad=0 min_tile_changed=75.9% meanlum=33.5
BEST OF ADAMFX 2 Flexi + Geiss - Bipolar vs reaction diffusion + Another Flexi + Fishbrain  + Phat Zylot 5.milk | P1CAL 1920x1080 audio=0 ta=3.000 tb=3.506 frames=220 alpha255=100.000%/100.000% tiles=510 bad=0 min_tile_changed=57.0% meanlum=43.4
BEST OF ADAMFX 2 Flexi + Geiss - Bipolar vs reaction diffusion + Another Flexi + Fishbrain  + Phat Zylot 5.milk | P1CAL 1920x1080 audio=1 ta=3.010 tb=3.525 frames=221 alpha255=100.000%/100.000% tiles=510 bad=0 min_tile_changed=65.8% meanlum=42.4
BEST OF ADAMFX 2 Flexi + Geiss - Bipolar vs reaction diffusion + Another Flexi + Fishbrain  + Phat Zylot 5.milk | P1CAL 1080x1920 audio=0 ta=3.012 tb=3.525 frames=221 alpha255=100.000%/100.000% tiles=510 bad=0 min_tile_changed=79.9% meanlum=37.6
BEST OF ADAMFX 2 Flexi + Geiss - Bipolar vs reaction diffusion + Another Flexi + Fishbrain  + Phat Zylot 5.milk | P1CAL 1080x1920 audio=1 ta=3.014 tb=3.529 frames=221 alpha255=100.000%/100.000% tiles=510 bad=0 min_tile_changed=77.7% meanlum=28.2
BEST OF ADAMFX 2 Flexi + Geiss - Bipolar vs reaction diffusion + Another Flexi + Fishbrain  + Phat Zylot 5.milk | P1CAL 1920x1080 audio=0 ta=3.009 tb=3.510 frames=220 alpha255=100.000%/100.000% tiles=510 bad=0 min_tile_changed=50.5% meanlum=43.3
BEST OF ADAMFX 2 Flexi + Geiss - Bipolar vs reaction diffusion + Another Flexi + Fishbrain  + Phat Zylot 5.milk | P1CAL 1920x1080 audio=1 ta=3.010 tb=3.522 frames=221 alpha255=100.000%/100.000% tiles=510 bad=0 min_tile_changed=65.2% meanlum=45.3
BEST OF ADAMFX 2 Flexi + Geiss - Bipolar vs reaction diffusion + Another Flexi + Fishbrain  + Phat Zylot 5.milk | P1CAL 1080x1920 audio=0 ta=3.013 tb=3.527 frames=221 alpha255=100.000%/100.000% tiles=510 bad=0 min_tile_changed=76.7% meanlum=26.9
BEST OF ADAMFX 2 Flexi + Geiss - Bipolar vs reaction diffusion + Another Flexi + Fishbrain  + Phat Zylot 5.milk | P1CAL 1080x1920 audio=1 ta=3.014 tb=3.526 frames=221 alpha255=100.000%/100.000% tiles=510 bad=0 min_tile_changed=71.5% meanlum=24.2
yin - 363 - Organic circuits (warming up).milk | P1CAL 1920x1080 audio=0 ta=3.015 tb=3.527 frames=221 alpha255=100.000%/100.000% tiles=510 bad=0 min_tile_changed=92.9% meanlum=158.0
yin - 363 - Organic circuits (warming up).milk | P1CAL 1920x1080 audio=1 ta=3.013 tb=3.527 frames=221 alpha255=100.000%/100.000% tiles=510 bad=0 min_tile_changed=92.8% meanlum=140.9
yin - 363 - Organic circuits (warming up).milk | P1CAL 1080x1920 audio=0 ta=3.015 tb=3.528 frames=221 alpha255=100.000%/100.000% tiles=510 bad=0 min_tile_changed=100.0% meanlum=91.9
yin - 363 - Organic circuits (warming up).milk | P1CAL 1080x1920 audio=1 ta=3.015 tb=3.525 frames=221 alpha255=100.000%/100.000% tiles=510 bad=0 min_tile_changed=95.7% meanlum=88.5
yin - 363 - Organic circuits (warming up).milk | P1CAL 1920x1080 audio=0 ta=3.014 tb=3.524 frames=221 alpha255=100.000%/100.000% tiles=510 bad=0 min_tile_changed=98.9% meanlum=171.4
yin - 363 - Organic circuits (warming up).milk | P1CAL 1920x1080 audio=1 ta=3.013 tb=3.525 frames=221 alpha255=100.000%/100.000% tiles=510 bad=0 min_tile_changed=71.6% meanlum=153.8
yin - 363 - Organic circuits (warming up).milk | P1CAL 1080x1920 audio=0 ta=3.012 tb=3.525 frames=221 alpha255=100.000%/100.000% tiles=510 bad=0 min_tile_changed=99.9% meanlum=84.8
yin - 363 - Organic circuits (warming up).milk | P1CAL 1080x1920 audio=1 ta=3.017 tb=3.526 frames=221 alpha255=100.000%/100.000% tiles=510 bad=0 min_tile_changed=95.6% meanlum=89.0
yin - 363 - Organic circuits (warming up).milk | P1CAL 1920x1080 audio=0 ta=3.016 tb=3.526 frames=221 alpha255=100.000%/100.000% tiles=510 bad=0 min_tile_changed=88.0% meanlum=171.2
yin - 363 - Organic circuits (warming up).milk | P1CAL 1920x1080 audio=1 ta=3.015 tb=3.525 frames=221 alpha255=100.000%/100.000% tiles=510 bad=0 min_tile_changed=75.7% meanlum=162.9
yin - 363 - Organic circuits (warming up).milk | P1CAL 1080x1920 audio=0 ta=3.016 tb=3.528 frames=221 alpha255=100.000%/100.000% tiles=510 bad=0 min_tile_changed=100.0% meanlum=93.5
yin - 363 - Organic circuits (warming up).milk | P1CAL 1080x1920 audio=1 ta=3.014 tb=3.526 frames=221 alpha255=100.000%/100.000% tiles=510 bad=0 min_tile_changed=95.4% meanlum=90.3
$$$ Royal - Mashup (189).milk | P1CAL 1920x1080 audio=0 ta=3.016 tb=3.528 frames=221 alpha255=100.000%/100.000% tiles=510 bad=0 min_tile_changed=84.0% meanlum=50.7
$$$ Royal - Mashup (189).milk | P1CAL 1920x1080 audio=1 ta=3.011 tb=3.512 frames=220 alpha255=100.000%/100.000% tiles=510 bad=0 min_tile_changed=86.2% meanlum=36.7
$$$ Royal - Mashup (189).milk | P1CAL 1080x1920 audio=0 ta=3.017 tb=3.527 frames=221 alpha255=100.000%/100.000% tiles=510 bad=0 min_tile_changed=84.4% meanlum=34.2
$$$ Royal - Mashup (189).milk | P1CAL 1080x1920 audio=1 ta=3.015 tb=3.528 frames=221 alpha255=100.000%/100.000% tiles=510 bad=6 min_tile_changed=1.0% meanlum=29.2
$$$ Royal - Mashup (189).milk | P1CAL 1920x1080 audio=0 ta=3.016 tb=3.530 frames=221 alpha255=100.000%/100.000% tiles=510 bad=0 min_tile_changed=76.5% meanlum=50.9
$$$ Royal - Mashup (189).milk | P1CAL 1920x1080 audio=1 ta=3.014 tb=3.527 frames=221 alpha255=100.000%/100.000% tiles=510 bad=0 min_tile_changed=65.0% meanlum=53.5
$$$ Royal - Mashup (189).milk | P1CAL 1080x1920 audio=0 ta=3.002 tb=3.512 frames=220 alpha255=100.000%/100.000% tiles=510 bad=0 min_tile_changed=87.5% meanlum=36.4
$$$ Royal - Mashup (189).milk | P1CAL 1080x1920 audio=1 ta=3.000 tb=3.512 frames=220 alpha255=100.000%/100.000% tiles=510 bad=0 min_tile_changed=25.3% meanlum=23.1
$$$ Royal - Mashup (189).milk | P1CAL 1920x1080 audio=0 ta=3.017 tb=3.528 frames=221 alpha255=100.000%/100.000% tiles=510 bad=0 min_tile_changed=79.1% meanlum=53.2
$$$ Royal - Mashup (189).milk | P1CAL 1920x1080 audio=1 ta=3.016 tb=3.529 frames=221 alpha255=100.000%/100.000% tiles=510 bad=0 min_tile_changed=27.8% meanlum=45.9
$$$ Royal - Mashup (189).milk | P1CAL 1080x1920 audio=0 ta=3.016 tb=3.528 frames=221 alpha255=100.000%/100.000% tiles=510 bad=0 min_tile_changed=75.0% meanlum=35.5
$$$ Royal - Mashup (189).milk | P1CAL 1080x1920 audio=1 ta=3.014 tb=3.527 frames=221 alpha255=100.000%/100.000% tiles=510 bad=0 min_tile_changed=71.4% meanlum=26.9
rep end 19:53:31
