scan start 19:43:08
$$$ Royal - Mashup (189).milk | P1CAL 1920x1080 audio=0 ta=3.014 tb=3.524 frames=221 alpha255=100.000%/100.000% tiles=510 bad=0 min_tile_changed=74.5% meanlum=51.4
$$$ Royal - Mashup (189).milk | P1CAL 1920x1080 audio=1 ta=3.014 tb=3.526 frames=221 alpha255=100.000%/100.000% tiles=510 bad=0 min_tile_changed=64.6% meanlum=40.2
$$$ Royal - Mashup (189).milk | P1CAL 1080x1920 audio=0 ta=3.014 tb=3.527 frames=221 alpha255=100.000%/100.000% tiles=510 bad=0 min_tile_changed=85.5% meanlum=35.1
$$$ Royal - Mashup (189).milk | P1CAL 1080x1920 audio=1 ta=3.014 tb=3.526 frames=221 alpha255=100.000%/100.000% tiles=510 bad=0 min_tile_changed=83.3% meanlum=35.7
304.milk | P1CAL 1920x1080 audio=0 ta=3.013 tb=3.525 frames=221 alpha255=100.000%/100.000% tiles=510 bad=0 min_tile_changed=23.9% meanlum=50.0
304.milk | P1CAL 1920x1080 audio=1 ta=3.013 tb=3.525 frames=221 alpha255=100.000%/100.000% tiles=510 bad=0 min_tile_changed=36.6% meanlum=161.3
304.milk | P1CAL 1080x1920 audio=0 ta=3.013 tb=3.525 frames=221 alpha255=100.000%/100.000% tiles=510 bad=0 min_tile_changed=20.2% meanlum=72.3
304.milk | P1CAL 1080x1920 audio=1 ta=3.013 tb=3.526 frames=221 alpha255=100.000%/100.000% tiles=510 bad=0 min_tile_changed=51.0% meanlum=97.1
amandio c - pulse - sth.milk | P1CAL 1920x1080 audio=0 ta=3.010 tb=3.514 frames=138 alpha255=100.000%/100.000% tiles=510 bad=268 min_tile_changed=0.0% meanlum=35.8
amandio c - pulse - sth.milk | P1CAL 1920x1080 audio=1 ta=3.021 tb=3.533 frames=140 alpha255=100.000%/100.000% tiles=510 bad=99 min_tile_changed=0.0% meanlum=54.6
amandio c - pulse - sth.milk | P1CAL 1080x1920 audio=0 ta=3.023 tb=3.534 frames=142 alpha255=100.000%/100.000% tiles=510 bad=221 min_tile_changed=0.0% meanlum=47.3
amandio c - pulse - sth.milk | P1CAL 1080x1920 audio=1 ta=3.016 tb=3.530 frames=143 alpha255=100.000%/100.000% tiles=510 bad=80 min_tile_changed=0.0% meanlum=59.3
BEST OF ADAMFX 2 Flexi + Geiss - Bipolar vs reaction diffusion + Another Flexi + Fishbrain  + Phat Zylot 5.milk | P1CAL 1920x1080 audio=0 ta=3.012 tb=3.524 frames=221 alpha255=100.000%/100.000% tiles=510 bad=0 min_tile_changed=71.0% meanlum=46.6
BEST OF ADAMFX 2 Flexi + Geiss - Bipolar vs reaction diffusion + Another Flexi + Fishbrain  + Phat Zylot 5.milk | P1CAL 1920x1080 audio=1 ta=3.013 tb=3.524 frames=221 alpha255=100.000%/100.000% tiles=510 bad=0 min_tile_changed=75.4% meanlum=43.8
BEST OF ADAMFX 2 Flexi + Geiss - Bipolar vs reaction diffusion + Another Flexi + Fishbrain  + Phat Zylot 5.milk | P1CAL 1080x1920 audio=0 ta=3.012 tb=3.525 frames=221 alpha255=100.000%/100.000% tiles=510 bad=0 min_tile_changed=69.6% meanlum=32.2
BEST OF ADAMFX 2 Flexi + Geiss - Bipolar vs reaction diffusion + Another Flexi + Fishbrain  + Phat Zylot 5.milk | P1CAL 1080x1920 audio=1 ta=3.011 tb=3.522 frames=221 alpha255=100.000%/100.000% tiles=510 bad=0 min_tile_changed=72.4% meanlum=23.7
BEST REXIXz G AdamFX 2 EoS + Phat - Fractical_dancer 12 FrankFx 2.milk | P1CAL 1920x1080 audio=0 ta=3.012 tb=3.524 frames=221 alpha255=100.000%/100.000% tiles=510 bad=389 min_tile_changed=0.0% meanlum=19.4
BEST REXIXz G AdamFX 2 EoS + Phat - Fractical_dancer 12 FrankFx 2.milk | P1CAL 1920x1080 audio=1 ta=3.012 tb=3.525 frames=221 alpha255=100.000%/100.000% tiles=510 bad=405 min_tile_changed=0.0% meanlum=14.5
BEST REXIXz G AdamFX 2 EoS + Phat - Fractical_dancer 12 FrankFx 2.milk | P1CAL 1080x1920 audio=0 ta=3.013 tb=3.524 frames=221 alpha255=100.000%/100.000% tiles=510 bad=118 min_tile_changed=0.0% meanlum=196.3
BEST REXIXz G AdamFX 2 EoS + Phat - Fractical_dancer 12 FrankFx 2.milk | P1CAL 1080x1920 audio=1 ta=3.013 tb=3.525 frames=221 alpha255=100.000%/100.000% tiles=510 bad=0 min_tile_changed=20.5% meanlum=182.3
EoS - glowsticks v2 03 music shifter edit b (Stahl's Reactive RMX V2d).milk | P1CAL 1920x1080 audio=0 ta=3.017 tb=3.526 frames=221 alpha255=100.000%/100.000% tiles=510 bad=254 min_tile_changed=0.0% meanlum=16.6
EoS - glowsticks v2 03 music shifter edit b (Stahl's Reactive RMX V2d).milk | P1CAL 1920x1080 audio=1 ta=3.014 tb=3.526 frames=221 alpha255=100.000%/100.000% tiles=510 bad=2 min_tile_changed=9.1% meanlum=93.8
EoS - glowsticks v2 03 music shifter edit b (Stahl's Reactive RMX V2d).milk | P1CAL 1080x1920 audio=0 ta=3.014 tb=3.526 frames=221 alpha255=100.000%/100.000% tiles=510 bad=226 min_tile_changed=0.0% meanlum=18.6
EoS - glowsticks v2 03 music shifter edit b (Stahl's Reactive RMX V2d).milk | P1CAL 1080x1920 audio=1 ta=3.013 tb=3.526 frames=221 alpha255=100.000%/100.000% tiles=510 bad=50 min_tile_changed=0.0% meanlum=55.8
EVET - Bracer Peacecock.milk | P1CAL 1920x1080 audio=0 ta=3.012 tb=3.524 frames=221 alpha255=100.000%/100.000% tiles=510 bad=2 min_tile_changed=4.2% meanlum=60.4
EVET - Bracer Peacecock.milk | P1CAL 1920x1080 audio=1 ta=3.012 tb=3.524 frames=221 alpha255=100.000%/100.000% tiles=510 bad=0 min_tile_changed=72.1% meanlum=136.9
EVET - Bracer Peacecock.milk | P1CAL 1080x1920 audio=0 ta=3.012 tb=3.524 frames=221 alpha255=100.000%/100.000% tiles=510 bad=0 min_tile_changed=75.4% meanlum=119.3
EVET - Bracer Peacecock.milk | P1CAL 1080x1920 audio=1 ta=3.012 tb=3.524 frames=221 alpha255=100.000%/100.000% tiles=510 bad=0 min_tile_changed=63.2% meanlum=137.7
EVET - Superstrings I.milk | P1CAL 1920x1080 audio=0 ta=3.010 tb=3.525 frames=221 alpha255=100.000%/100.000% tiles=510 bad=510 min_tile_changed=0.0% meanlum=1.5
EVET - Superstrings I.milk | P1CAL 1920x1080 audio=1 ta=3.012 tb=3.524 frames=221 alpha255=100.000%/100.000% tiles=510 bad=510 min_tile_changed=0.0% meanlum=1.6
EVET - Superstrings I.milk | P1CAL 1080x1920 audio=0 ta=3.013 tb=3.524 frames=221 alpha255=100.000%/100.000% tiles=510 bad=169 min_tile_changed=0.0% meanlum=1.5
EVET - Superstrings I.milk | P1CAL 1080x1920 audio=1 ta=3.012 tb=3.524 frames=221 alpha255=100.000%/100.000% tiles=510 bad=483 min_tile_changed=0.0% meanlum=3.0
fed - slowfast 2-0 [acid tweak].milk | P1CAL 1920x1080 audio=0 ta=3.012 tb=3.522 frames=221 alpha255=100.000%/100.000% tiles=510 bad=495 min_tile_changed=0.0% meanlum=4.7
fed - slowfast 2-0 [acid tweak].milk | P1CAL 1920x1080 audio=1 ta=3.012 tb=3.524 frames=221 alpha255=100.000%/100.000% tiles=510 bad=268 min_tile_changed=0.0% meanlum=7.8
fed - slowfast 2-0 [acid tweak].milk | P1CAL 1080x1920 audio=0 ta=3.012 tb=3.524 frames=221 alpha255=100.000%/100.000% tiles=510 bad=500 min_tile_changed=0.0% meanlum=2.8
fed - slowfast 2-0 [acid tweak].milk | P1CAL 1080x1920 audio=1 ta=3.010 tb=3.524 frames=221 alpha255=100.000%/100.000% tiles=510 bad=293 min_tile_changed=0.0% meanlum=8.4
flexi - grind my glitch up [195].milk | P1CAL 1920x1080 audio=0 ta=3.010 tb=3.525 frames=221 alpha255=100.000%/100.000% tiles=510 bad=49 min_tile_changed=0.0% meanlum=87.0
flexi - grind my glitch up [195].milk | P1CAL 1920x1080 audio=1 ta=3.012 tb=3.525 frames=221 alpha255=100.000%/100.000% tiles=510 bad=46 min_tile_changed=0.0% meanlum=97.2
flexi - grind my glitch up [195].milk | P1CAL 1080x1920 audio=0 ta=3.013 tb=3.525 frames=221 alpha255=100.000%/100.000% tiles=510 bad=173 min_tile_changed=0.0% meanlum=94.0
flexi - grind my glitch up [195].milk | P1CAL 1080x1920 audio=1 ta=3.011 tb=3.524 frames=221 alpha255=100.000%/100.000% tiles=510 bad=2 min_tile_changed=0.0% meanlum=135.5
flexi - grind my glitch up [247].milk | P1CAL 1920x1080 audio=0 ta=3.001 tb=3.514 frames=220 alpha255=100.000%/100.000% tiles=510 bad=178 min_tile_changed=0.0% meanlum=154.8
flexi - grind my glitch up [247].milk | P1CAL 1920x1080 audio=1 ta=3.013 tb=3.525 frames=221 alpha255=100.000%/100.000% tiles=510 bad=85 min_tile_changed=0.0% meanlum=51.2
flexi - grind my glitch up [247].milk | P1CAL 1080x1920 audio=0 ta=3.011 tb=3.523 frames=221 alpha255=100.000%/100.000% tiles=510 bad=144 min_tile_changed=0.0% meanlum=180.8
flexi - grind my glitch up [247].milk | P1CAL 1080x1920 audio=1 ta=3.013 tb=3.525 frames=221 alpha255=100.000%/100.000% tiles=510 bad=43 min_tile_changed=0.0% meanlum=78.1
flexi - grind my glitch up [319].milk | P1CAL 1920x1080 audio=0 ta=3.011 tb=3.522 frames=221 alpha255=100.000%/100.000% tiles=510 bad=36 min_tile_changed=0.0% meanlum=140.8
flexi - grind my glitch up [319].milk | P1CAL 1920x1080 audio=1 ta=3.013 tb=3.525 frames=221 alpha255=100.000%/100.000% tiles=510 bad=144 min_tile_changed=0.0% meanlum=96.8
flexi - grind my glitch up [319].milk | P1CAL 1080x1920 audio=0 ta=3.013 tb=3.526 frames=221 alpha255=100.000%/100.000% tiles=510 bad=0 min_tile_changed=99.5% meanlum=114.2
flexi - grind my glitch up [319].milk | P1CAL 1080x1920 audio=1 ta=3.013 tb=3.525 frames=221 alpha255=100.000%/100.000% tiles=510 bad=0 min_tile_changed=31.5% meanlum=124.1
Geiss - Confetti (Jelly).milk | P1CAL 1920x1080 audio=0 ta=3.012 tb=3.524 frames=221 alpha255=100.000%/100.000% tiles=510 bad=29 min_tile_changed=0.0% meanlum=22.9
Geiss - Confetti (Jelly).milk | P1CAL 1920x1080 audio=1 ta=3.012 tb=3.524 frames=221 alpha255=100.000%/100.000% tiles=510 bad=15 min_tile_changed=2.3% meanlum=16.9
Geiss - Confetti (Jelly).milk | P1CAL 1080x1920 audio=0 ta=3.012 tb=3.524 frames=221 alpha255=100.000%/100.000% tiles=510 bad=34 min_tile_changed=0.0% meanlum=20.2
Geiss - Confetti (Jelly).milk | P1CAL 1080x1920 audio=1 ta=3.012 tb=3.524 frames=221 alpha255=100.000%/100.000% tiles=510 bad=39 min_tile_changed=0.0% meanlum=16.5
Halfbreak - Fractopia [carcinobilge drift 0-5].milk | P1CAL 1920x1080 audio=0 ta=3.013 tb=3.524 frames=221 alpha255=100.000%/100.000% tiles=510 bad=510 min_tile_changed=0.0% meanlum=0.0
Halfbreak - Fractopia [carcinobilge drift 0-5].milk | P1CAL 1920x1080 audio=1 ta=3.013 tb=3.527 frames=221 alpha255=100.000%/100.000% tiles=510 bad=510 min_tile_changed=0.0% meanlum=0.0
Halfbreak - Fractopia [carcinobilge drift 0-5].milk | P1CAL 1080x1920 audio=0 ta=3.013 tb=3.525 frames=221 alpha255=100.000%/100.000% tiles=510 bad=510 min_tile_changed=0.0% meanlum=0.0
Halfbreak - Fractopia [carcinobilge drift 0-5].milk | P1CAL 1080x1920 audio=1 ta=3.013 tb=3.525 frames=221 alpha255=100.000%/100.000% tiles=510 bad=510 min_tile_changed=0.0% meanlum=0.0
Hexcollie, Krash, bdrv, EoS n aderassi - Fractal rebirth - from hell nz+2.milk | P1CAL 1920x1080 audio=0 ta=3.014 tb=3.526 frames=221 alpha255=100.000%/100.000% tiles=510 bad=0 min_tile_changed=26.6% meanlum=148.5
Hexcollie, Krash, bdrv, EoS n aderassi - Fractal rebirth - from hell nz+2.milk | P1CAL 1920x1080 audio=1 ta=3.014 tb=3.526 frames=221 alpha255=100.000%/100.000% tiles=510 bad=0 min_tile_changed=26.6% meanlum=164.2
Hexcollie, Krash, bdrv, EoS n aderassi - Fractal rebirth - from hell nz+2.milk | P1CAL 1080x1920 audio=0 ta=3.014 tb=3.526 frames=221 alpha255=100.000%/100.000% tiles=510 bad=0 min_tile_changed=26.6% meanlum=127.5
Hexcollie, Krash, bdrv, EoS n aderassi - Fractal rebirth - from hell nz+2.milk | P1CAL 1080x1920 audio=1 ta=3.014 tb=3.526 frames=221 alpha255=100.000%/100.000% tiles=510 bad=0 min_tile_changed=26.6% meanlum=176.4
Hexcollie, Zylot n Phat - It has to be wrong to have this much fun without any talent.milk | P1CAL 1920x1080 audio=0 ta=3.011 tb=3.524 frames=221 alpha255=100.000%/100.000% tiles=510 bad=35 min_tile_changed=0.0% meanlum=19.3
Hexcollie, Zylot n Phat - It has to be wrong to have this much fun without any talent.milk | P1CAL 1920x1080 audio=1 ta=3.012 tb=3.524 frames=221 alpha255=100.000%/100.000% tiles=510 bad=59 min_tile_changed=0.0% meanlum=16.0
Hexcollie, Zylot n Phat - It has to be wrong to have this much fun without any talent.milk | P1CAL 1080x1920 audio=0 ta=3.012 tb=3.523 frames=221 alpha255=100.000%/100.000% tiles=510 bad=82 min_tile_changed=0.0% meanlum=19.0
Hexcollie, Zylot n Phat - It has to be wrong to have this much fun without any talent.milk | P1CAL 1080x1920 audio=1 ta=3.012 tb=3.524 frames=221 alpha255=100.000%/100.000% tiles=510 bad=34 min_tile_changed=0.0% meanlum=17.3
Jc - Snowflake.milk | P1CAL 1920x1080 audio=0 ta=3.014 tb=3.526 frames=221 alpha255=100.000%/100.000% tiles=510 bad=38 min_tile_changed=0.0% meanlum=18.9
Jc - Snowflake.milk | P1CAL 1920x1080 audio=1 ta=3.014 tb=3.526 frames=221 alpha255=100.000%/100.000% tiles=510 bad=40 min_tile_changed=0.0% meanlum=15.8
Jc - Snowflake.milk | P1CAL 1080x1920 audio=0 ta=3.013 tb=3.526 frames=221 alpha255=100.000%/100.000% tiles=510 bad=284 min_tile_changed=0.0% meanlum=16.3
Jc - Snowflake.milk | P1CAL 1080x1920 audio=1 ta=3.012 tb=3.524 frames=221 alpha255=100.000%/100.000% tiles=510 bad=119 min_tile_changed=0.0% meanlum=10.4
MackTuesday - Tokamak Derivative 1 nz2.milk | P1CAL 1920x1080 audio=0 ta=3.012 tb=3.522 frames=221 alpha255=100.000%/100.000% tiles=510 bad=0 min_tile_changed=36.0% meanlum=140.5
MackTuesday - Tokamak Derivative 1 nz2.milk | P1CAL 1920x1080 audio=1 ta=3.012 tb=3.524 frames=221 alpha255=100.000%/100.000% tiles=510 bad=0 min_tile_changed=32.4% meanlum=146.2
MackTuesday - Tokamak Derivative 1 nz2.milk | P1CAL 1080x1920 audio=0 ta=3.010 tb=3.524 frames=221 alpha255=100.000%/100.000% tiles=510 bad=2 min_tile_changed=15.5% meanlum=143.2
MackTuesday - Tokamak Derivative 1 nz2.milk | P1CAL 1080x1920 audio=1 ta=3.012 tb=3.524 frames=221 alpha255=100.000%/100.000% tiles=510 bad=0 min_tile_changed=55.7% meanlum=141.4
Martin - QBikal - Surface Turbulence IIe3 (by hakanh mash-up).milk | P1CAL 1920x1080 audio=0 ta=3.014 tb=3.526 frames=221 alpha255=100.000%/100.000% tiles=510 bad=0 min_tile_changed=66.2% meanlum=64.4
Martin - QBikal - Surface Turbulence IIe3 (by hakanh mash-up).milk | P1CAL 1920x1080 audio=1 ta=3.013 tb=3.526 frames=221 alpha255=100.000%/100.000% tiles=510 bad=0 min_tile_changed=79.5% meanlum=90.7
Martin - QBikal - Surface Turbulence IIe3 (by hakanh mash-up).milk | P1CAL 1080x1920 audio=0 ta=3.014 tb=3.526 frames=221 alpha255=100.000%/100.000% tiles=510 bad=262 min_tile_changed=0.0% meanlum=19.3
Martin - QBikal - Surface Turbulence IIe3 (by hakanh mash-up).milk | P1CAL 1080x1920 audio=1 ta=3.014 tb=3.526 frames=221 alpha255=100.000%/100.000% tiles=510 bad=217 min_tile_changed=0.0% meanlum=42.3
rce-ordinary - thrill.milk | P1CAL 1920x1080 audio=0 ta=3.012 tb=3.524 frames=221 alpha255=100.000%/100.000% tiles=510 bad=95 min_tile_changed=0.0% meanlum=94.1
rce-ordinary - thrill.milk | P1CAL 1920x1080 audio=1 ta=3.012 tb=3.523 frames=221 alpha255=100.000%/100.000% tiles=510 bad=14 min_tile_changed=0.0% meanlum=29.0
rce-ordinary - thrill.milk | P1CAL 1080x1920 audio=0 ta=3.012 tb=3.523 frames=221 alpha255=100.000%/100.000% tiles=510 bad=15 min_tile_changed=0.4% meanlum=169.0
rce-ordinary - thrill.milk | P1CAL 1080x1920 audio=1 ta=3.011 tb=3.524 frames=221 alpha255=100.000%/100.000% tiles=510 bad=1 min_tile_changed=19.3% meanlum=44.4
rce-ordinary + flexi - far away distance (custom beat detection + bipolar colour ghost mix).milk | P1CAL 1920x1080 audio=0 ta=3.012 tb=3.524 frames=221 alpha255=100.000%/100.000% tiles=510 bad=0 min_tile_changed=70.0% meanlum=59.7
rce-ordinary + flexi - far away distance (custom beat detection + bipolar colour ghost mix).milk | P1CAL 1920x1080 audio=1 ta=3.012 tb=3.524 frames=221 alpha255=100.000%/100.000% tiles=510 bad=0 min_tile_changed=88.3% meanlum=58.8
rce-ordinary + flexi - far away distance (custom beat detection + bipolar colour ghost mix).milk | P1CAL 1080x1920 audio=0 ta=3.012 tb=3.524 frames=221 alpha255=100.000%/100.000% tiles=510 bad=0 min_tile_changed=81.4% meanlum=61.9
rce-ordinary + flexi - far away distance (custom beat detection + bipolar colour ghost mix).milk | P1CAL 1080x1920 audio=1 ta=3.012 tb=3.524 frames=221 alpha255=100.000%/100.000% tiles=510 bad=0 min_tile_changed=80.4% meanlum=58.6
sawtooth grin nz+ m13 w5.milk | P1CAL 1920x1080 audio=0 ta=3.013 tb=3.526 frames=221 alpha255=100.000%/100.000% tiles=510 bad=2 min_tile_changed=0.9% meanlum=81.2
sawtooth grin nz+ m13 w5.milk | P1CAL 1920x1080 audio=1 ta=3.013 tb=3.526 frames=221 alpha255=100.000%/100.000% tiles=510 bad=2 min_tile_changed=5.2% meanlum=81.0
sawtooth grin nz+ m13 w5.milk | P1CAL 1080x1920 audio=0 ta=3.014 tb=3.526 frames=221 alpha255=100.000%/100.000% tiles=510 bad=6 min_tile_changed=3.1% meanlum=80.0
sawtooth grin nz+ m13 w5.milk | P1CAL 1080x1920 audio=1 ta=3.013 tb=3.524 frames=221 alpha255=100.000%/100.000% tiles=510 bad=1 min_tile_changed=17.3% meanlum=79.4
Serge + martin - crystal palace bubble006.milk | P1CAL 1920x1080 audio=0 ta=3.012 tb=3.525 frames=221 alpha255=100.000%/100.000% tiles=510 bad=58 min_tile_changed=0.0% meanlum=43.7
Serge + martin - crystal palace bubble006.milk | P1CAL 1920x1080 audio=1 ta=3.012 tb=3.524 frames=221 alpha255=100.000%/100.000% tiles=510 bad=14 min_tile_changed=0.0% meanlum=97.2
Serge + martin - crystal palace bubble006.milk | P1CAL 1080x1920 audio=0 ta=3.010 tb=3.525 frames=221 alpha255=100.000%/100.000% tiles=510 bad=154 min_tile_changed=0.0% meanlum=30.7
Serge + martin - crystal palace bubble006.milk | P1CAL 1080x1920 audio=1 ta=3.013 tb=3.525 frames=221 alpha255=100.000%/100.000% tiles=510 bad=3 min_tile_changed=16.1% meanlum=41.0
Serge + martin - crystal palace tunnel001.milk | P1CAL 1920x1080 audio=0 ta=3.012 tb=3.524 frames=221 alpha255=100.000%/100.000% tiles=510 bad=29 min_tile_changed=0.0% meanlum=74.4
Serge + martin - crystal palace tunnel001.milk | P1CAL 1920x1080 audio=1 ta=3.010 tb=3.524 frames=221 alpha255=100.000%/100.000% tiles=510 bad=6 min_tile_changed=0.7% meanlum=155.5
Serge + martin - crystal palace tunnel001.milk | P1CAL 1080x1920 audio=0 ta=3.012 tb=3.524 frames=221 alpha255=100.000%/100.000% tiles=510 bad=17 min_tile_changed=0.0% meanlum=56.6
Serge + martin - crystal palace tunnel001.milk | P1CAL 1080x1920 audio=1 ta=3.013 tb=3.524 frames=221 alpha255=100.000%/100.000% tiles=510 bad=0 min_tile_changed=51.3% meanlum=113.4
Stahlregen & bdrv + fiSHbRAiN + flexi + Geiss + shifter - Starcraft (Chaos Tile Nebula).milk | P1CAL 1920x1080 audio=0 ta=3.012 tb=3.524 frames=221 alpha255=100.000%/100.000% tiles=510 bad=3 min_tile_changed=2.5% meanlum=18.6
Stahlregen & bdrv + fiSHbRAiN + flexi + Geiss + shifter - Starcraft (Chaos Tile Nebula).milk | P1CAL 1920x1080 audio=1 ta=3.012 tb=3.524 frames=221 alpha255=100.000%/100.000% tiles=510 bad=5 min_tile_changed=3.4% meanlum=20.7
Stahlregen & bdrv + fiSHbRAiN + flexi + Geiss + shifter - Starcraft (Chaos Tile Nebula).milk | P1CAL 1080x1920 audio=0 ta=3.010 tb=3.525 frames=221 alpha255=100.000%/100.000% tiles=510 bad=0 min_tile_changed=39.4% meanlum=152.8
Stahlregen & bdrv + fiSHbRAiN + flexi + Geiss + shifter - Starcraft (Chaos Tile Nebula).milk | P1CAL 1080x1920 audio=1 ta=3.012 tb=3.524 frames=221 alpha255=100.000%/100.000% tiles=510 bad=0 min_tile_changed=52.3% meanlum=58.5
Stahlregen & EoS + bdrv + flexi + Geiss + vovan - Modern Art Snail (MashUp 39 - Zebra Neon Snail).milk | P1CAL 1920x1080 audio=0 ta=3.013 tb=3.522 frames=221 alpha255=100.000%/100.000% tiles=510 bad=47 min_tile_changed=0.0% meanlum=114.0
Stahlregen & EoS + bdrv + flexi + Geiss + vovan - Modern Art Snail (MashUp 39 - Zebra Neon Snail).milk | P1CAL 1920x1080 audio=1 ta=3.012 tb=3.524 frames=221 alpha255=100.000%/100.000% tiles=510 bad=0 min_tile_changed=30.3% meanlum=91.0
Stahlregen & EoS + bdrv + flexi + Geiss + vovan - Modern Art Snail (MashUp 39 - Zebra Neon Snail).milk | P1CAL 1080x1920 audio=0 ta=3.012 tb=3.525 frames=221 alpha255=100.000%/100.000% tiles=510 bad=1 min_tile_changed=9.7% meanlum=102.3
Stahlregen & EoS + bdrv + flexi + Geiss + vovan - Modern Art Snail (MashUp 39 - Zebra Neon Snail).milk | P1CAL 1080x1920 audio=1 ta=3.012 tb=3.524 frames=221 alpha255=100.000%/100.000% tiles=510 bad=0 min_tile_changed=80.9% meanlum=151.9
suksma - oxyhydrogen blowpipe.milk | P1CAL 1920x1080 audio=0 ta=3.013 tb=3.526 frames=221 alpha255=100.000%/100.000% tiles=510 bad=50 min_tile_changed=0.0% meanlum=127.2
suksma - oxyhydrogen blowpipe.milk | P1CAL 1920x1080 audio=1 ta=3.013 tb=3.525 frames=221 alpha255=100.000%/100.000% tiles=510 bad=44 min_tile_changed=0.0% meanlum=122.0
suksma - oxyhydrogen blowpipe.milk | P1CAL 1080x1920 audio=0 ta=3.014 tb=3.526 frames=221 alpha255=100.000%/100.000% tiles=510 bad=1 min_tile_changed=16.7% meanlum=96.8
suksma - oxyhydrogen blowpipe.milk | P1CAL 1080x1920 audio=1 ta=3.017 tb=3.524 frames=221 alpha255=100.000%/100.000% tiles=510 bad=2 min_tile_changed=10.7% meanlum=102.9
suksma - sun pod gambit couch - flx infinity within a finite boundary --- Isosceles edit6.milk | P1CAL 1920x1080 audio=0 ta=3.015 tb=3.528 frames=221 alpha255=100.000%/100.000% tiles=510 bad=0 min_tile_changed=48.4% meanlum=79.3
suksma - sun pod gambit couch - flx infinity within a finite boundary --- Isosceles edit6.milk | P1CAL 1920x1080 audio=1 ta=3.015 tb=3.526 frames=221 alpha255=100.000%/100.000% tiles=510 bad=0 min_tile_changed=55.6% meanlum=79.4
suksma - sun pod gambit couch - flx infinity within a finite boundary --- Isosceles edit6.milk | P1CAL 1080x1920 audio=0 ta=3.014 tb=3.526 frames=221 alpha255=100.000%/100.000% tiles=510 bad=0 min_tile_changed=27.0% meanlum=71.2
suksma - sun pod gambit couch - flx infinity within a finite boundary --- Isosceles edit6.milk | P1CAL 1080x1920 audio=1 ta=3.014 tb=3.526 frames=221 alpha255=100.000%/100.000% tiles=510 bad=0 min_tile_changed=31.9% meanlum=72.2
suksma + rovastar goody geiss rism - 1982 gremlin pinto hybrid 440 block 2000 watts obscura blaster.milk | P1CAL 1920x1080 audio=0 ta=3.013 tb=3.524 frames=221 alpha255=100.000%/100.000% tiles=510 bad=21 min_tile_changed=0.1% meanlum=129.4
suksma + rovastar goody geiss rism - 1982 gremlin pinto hybrid 440 block 2000 watts obscura blaster.milk | P1CAL 1920x1080 audio=1 ta=3.013 tb=3.524 frames=221 alpha255=100.000%/100.000% tiles=510 bad=1 min_tile_changed=12.2% meanlum=57.1
suksma + rovastar goody geiss rism - 1982 gremlin pinto hybrid 440 block 2000 watts obscura blaster.milk | P1CAL 1080x1920 audio=0 ta=3.013 tb=3.524 frames=221 alpha255=100.000%/100.000% tiles=510 bad=34 min_tile_changed=0.0% meanlum=131.7
suksma + rovastar goody geiss rism - 1982 gremlin pinto hybrid 440 block 2000 watts obscura blaster.milk | P1CAL 1080x1920 audio=1 ta=3.010 tb=3.525 frames=221 alpha255=100.000%/100.000% tiles=510 bad=4 min_tile_changed=3.6% meanlum=80.0
yin - 363 - Organic circuits (warming up).milk | P1CAL 1920x1080 audio=0 ta=3.010 tb=3.525 frames=221 alpha255=100.000%/100.000% tiles=510 bad=0 min_tile_changed=92.8% meanlum=167.5
yin - 363 - Organic circuits (warming up).milk | P1CAL 1920x1080 audio=1 ta=3.011 tb=3.524 frames=221 alpha255=100.000%/100.000% tiles=510 bad=0 min_tile_changed=68.1% meanlum=154.8
yin - 363 - Organic circuits (warming up).milk | P1CAL 1080x1920 audio=0 ta=3.012 tb=3.524 frames=221 alpha255=100.000%/100.000% tiles=510 bad=0 min_tile_changed=99.8% meanlum=92.8
yin - 363 - Organic circuits (warming up).milk | P1CAL 1080x1920 audio=1 ta=3.013 tb=3.524 frames=221 alpha255=100.000%/100.000% tiles=510 bad=0 min_tile_changed=96.1% meanlum=83.3
scan end 19:50:21
