CAPT base-i start 2026-09-27 16:44:52 quiet=yes load={ 3.63 3.90 5.12 } app=/Users/boriskarpman/projects/RealTimeAudio/build/AudioDNA_artefacts/Release/Audio-DNA.app
load {'ok': True}
enabled global effects: []
CAP base-i_def1 size=default ok=True http_rt_ms=116.8 bytes=108555 sha256=1eb4374362b485be5007ef919a7769ac9c0fee6c0d9ab749ea03b69bd23a339e
CAP base-i_def2 size=default ok=True http_rt_ms=107.7 bytes=108555 sha256=1eb4374362b485be5007ef919a7769ac9c0fee6c0d9ab749ea03b69bd23a339e
CAP base-i_720_1 size=(1280, 720) ok=True http_rt_ms=106.2 bytes=108555 sha256=1eb4374362b485be5007ef919a7769ac9c0fee6c0d9ab749ea03b69bd23a339e
CAP base-i_720_2 size=(1280, 720) ok=True http_rt_ms=106.9 bytes=108555 sha256=1eb4374362b485be5007ef919a7769ac9c0fee6c0d9ab749ea03b69bd23a339e
CAP base-i_t1080_1 size=(1920, 1080) ok=True http_rt_ms=108.4 bytes=108555 sha256=1eb4374362b485be5007ef919a7769ac9c0fee6c0d9ab749ea03b69bd23a339e
CAP base-i_t1080_2 size=(1920, 1080) ok=True http_rt_ms=108.1 bytes=108555 sha256=1eb4374362b485be5007ef919a7769ac9c0fee6c0d9ab749ea03b69bd23a339e
CAP base-i_t1080_3 size=(1920, 1080) ok=True http_rt_ms=106.7 bytes=108555 sha256=1eb4374362b485be5007ef919a7769ac9c0fee6c0d9ab749ea03b69bd23a339e
CAP base-i_t4k_1 size=(3840, 2160) ok=True http_rt_ms=110.4 bytes=108555 sha256=1eb4374362b485be5007ef919a7769ac9c0fee6c0d9ab749ea03b69bd23a339e
PIL def1 vs def2: shape (1080, 1920, 4) array_equal=True mean RGBA [16.83, 0.97, 12.22, 191.0] alpha min/max 191/191
CAPT base-i end 2026-09-27 16:44:59 load={ 3.53 3.87 5.10 } compilers=[0/0]
app running after quit: no
audio-dna windows 0, Output-named 0
--- app err.log capture lines:
[Eyes] Processing capture: canvas 1920x1080
[Eyes] Captured frame: SP/capt/base-i/base-i_def1.png (1920x1080)
[Eyes] Processing capture: canvas 1920x1080
[Eyes] Captured frame: SP/capt/base-i/base-i_def2.png (1920x1080)
[Eyes] Processing capture: canvas 1920x1080
[Eyes] Captured frame: SP/capt/base-i/base-i_720_1.png (1920x1080)
[Eyes] Processing capture: canvas 1920x1080
[Eyes] Captured frame: SP/capt/base-i/base-i_720_2.png (1920x1080)
[Eyes] Processing capture: canvas 1920x1080
[Eyes] Captured frame: SP/capt/base-i/base-i_t1080_1.png (1920x1080)
[Eyes] Processing capture: canvas 1920x1080
[Eyes] Captured frame: SP/capt/base-i/base-i_t1080_2.png (1920x1080)
[Eyes] Processing capture: canvas 1920x1080
[Eyes] Captured frame: SP/capt/base-i/base-i_t1080_3.png (1920x1080)
[Eyes] Processing capture: canvas 1920x1080
[Eyes] Captured frame: SP/capt/base-i/base-i_t4k_1.png (1920x1080)
