app: SP/apps/C2/Audio-DNA.app
out: SP/live/c2/rstate.tJJUyI
--- r2_temporal
PASS  r2_temporal: persistent layer id 0 (deck 1) keeps its own state vs deck 0's layer id 0 - frame 0 non-blank=True d(subject, reference)=0.00 (tol 1.5)
PASS  r2_temporal: persistent layer id 0 (deck 1) keeps its own state vs deck 0's layer id 0 - frame 1 non-blank=True d(subject, reference)=0.00 (tol 1.5)
PASS  r2_temporal: persistent layer id 0 (deck 1) keeps its own state vs deck 0's layer id 0 - frame 2 non-blank=True d(subject, reference)=0.00 (tol 1.5)
--- r2_ring
PASS  r2_ring: persistent layer id 0 (deck 1) keeps its own state vs deck 0's layer id 0 - frame 0 non-blank=True d(subject, reference)=0.00 (tol 1.5)
PASS  r2_ring: persistent layer id 0 (deck 1) keeps its own state vs deck 0's layer id 0 - frame 1 non-blank=True d(subject, reference)=0.00 (tol 1.5)
PASS  r2_ring: persistent layer id 0 (deck 1) keeps its own state vs deck 0's layer id 0 - frame 2 non-blank=True d(subject, reference)=0.00 (tol 1.5)
--- r4_clip_transform
      r4_clip_transform: d(reference, absent)=28.27 d(subject, reference)=0.00 d(subject, absent)=28.27
PASS  r4_clip_transform: persistent layer renders like the same layer on the active deck (d=0.00, tol 1.5)
--- r4_clip_opacity
      r4_clip_opacity: d(reference, absent)=9.64 d(subject, reference)=0.00 d(subject, absent)=9.64
PASS  r4_clip_opacity: persistent layer renders like the same layer on the active deck (d=0.00, tol 1.5)
--- r4_layer_effects
      r4_layer_effects: d(reference, absent)=228.19 d(subject, reference)=0.00 d(subject, absent)=228.19
PASS  r4_layer_effects: persistent layer renders like the same layer on the active deck (d=0.00, tol 1.5)
--- r4_layer_transform
      r4_layer_transform: d(reference, absent)=30.87 d(subject, reference)=0.00 d(subject, absent)=30.87
PASS  r4_layer_transform: persistent layer renders like the same layer on the active deck (d=0.00, tol 1.5)
--- r4_feedback
      r4_feedback: d(reference, absent)=15.01 d(subject, reference)=0.00 d(subject, absent)=15.01
PASS  r4_feedback: persistent layer renders like the same layer on the active deck (d=0.00, tol 1.5)
--- r4_transition
      r4_transition: t=0.88s p=0.09 residual=0.12 d(f,IN)=26.90
      r4_transition: t=2.00s p=0.23 residual=0.13 d(f,IN)=22.81
      r4_transition: t=3.12s p=0.37 residual=0.14 d(f,IN)=18.56
      r4_transition: t=4.23s p=0.51 residual=0.14 d(f,IN)=14.45
PASS  r4_transition: persistent layer mid-crossfade frames lie between OUT and IN (4/4): []
PASS  r4_transition: crossfade keeps advancing while the deck is inactive (p [0.09, 0.23, 0.37, 0.51])
PASS  r4_transition: back on its deck after T + 2 s the crossfade is complete (d(f, IN)=0.00, tol 1.5)
--- r5_hold
      r5_hold: frame 0 mean RGBA = (0.0, 0.0, 0.0, 0.0)
PASS  r5_hold: Freeze 1.0 on a fresh layer holds its cleared history (transparent black), never the pass target's glClear colour - frame 0 mean|RGBA|=0.00 (tol 1.5)
      r5_hold: frame 1 mean RGBA = (0.0, 0.0, 0.0, 0.0)
PASS  r5_hold: Freeze 1.0 on a fresh layer holds its cleared history (transparent black), never the pass target's glClear colour - frame 1 mean|RGBA|=0.00 (tol 1.5)
      r5_hold: frame 2 mean RGBA = (0.0, 0.0, 0.0, 0.0)
PASS  r5_hold: Freeze 1.0 on a fresh layer holds its cleared history (transparent black), never the pass target's glClear colour - frame 2 mean|RGBA|=0.00 (tol 1.5)
--- r5_burst
      r5_burst id=81: 21 frames after the switch
      r5_burst id=82: 21 frames after the switch
      r5_burst id=83: 21 frames after the switch
      r5_burst id=84: 21 frames after the switch
      r5_burst id=85: 21 frames after the switch
PASS  r5_burst: every attempt captured >= 8 frames after the switch (short: [])
PASS  r5_burst: no blank frame when a temporal effect first runs on a layer (5 fresh layers): []
--- r1_temporal
      r1_temporal: t=1.07s p~0.13 IN x<26 ratio 0.00 (d(A,B) 14.00)  OUT x>487 ratio 0.00 (d(A,B) 30.33)
      r1_temporal: t=1.67s p~0.21 IN x<169 ratio 0.00 (d(A,B) 3.49)  OUT x>630 ratio 0.00 (d(A,B) 27.99)  [not counted]
      r1_temporal: t=2.27s p~0.28 IN x<314 ratio 0.00 (d(A,B) 13.73)  OUT x>775 ratio 0.00 (d(A,B) 26.47)
      r1_temporal: t=2.88s p~0.36 IN x<461 ratio 0.00 (d(A,B) 24.23)  OUT x>921 ratio 0.00 (d(A,B) 27.77)
      r1_temporal: t=3.49s p~0.44 IN x<607 ratio 0.00 (d(A,B) 29.76)  OUT x>1068 ratio 0.00 (d(A,B) 30.14)
      r1_temporal: t=4.11s p~0.51 IN x<756 ratio 0.00 (d(A,B) 32.55)  OUT x>1216 ratio 0.00 (d(A,B) 30.69)
      r1_temporal: t=4.72s p~0.59 IN x<901 ratio 0.00 (d(A,B) 30.70)  OUT x>1362 ratio 0.00 (d(A,B) 30.02)
      r1_temporal: t=5.33s p~0.67 IN x<1048 ratio 0.00 (d(A,B) 28.07)  OUT x>1509 ratio 0.00 (d(A,B) 27.58)
      r1_temporal: t=5.95s p~0.74 IN x<1196 ratio 0.00 (d(A,B) 27.73)  OUT x>1657 ratio 0.00 (d(A,B) 15.98)
PASS  r1_temporal: during a crossfade each clip keeps its own history (IN=B OUT=A; 8 counted frames, ratios <= 0.05): []
--- r1_control
      r1_control: t=1.08s p~0.13 IN x<28 ratio 0.00 (d(A,B) 15.00)  OUT x>488 ratio 0.00 (d(A,B) 30.66)
      r1_control: t=1.69s p~0.21 IN x<175 ratio 0.00 (d(A,B) 3.68)  OUT x>636 ratio 0.00 (d(A,B) 28.19)  [not counted]
      r1_control: t=2.30s p~0.29 IN x<321 ratio 0.00 (d(A,B) 14.65)  OUT x>782 ratio 0.00 (d(A,B) 26.78)
      r1_control: t=2.92s p~0.37 IN x<470 ratio 0.00 (d(A,B) 24.67)  OUT x>931 ratio 0.00 (d(A,B) 28.33)
      r1_control: t=3.55s p~0.44 IN x<622 ratio 0.00 (d(A,B) 30.72)  OUT x>1082 ratio 0.00 (d(A,B) 30.64)
      r1_control: t=4.17s p~0.52 IN x<770 ratio 0.00 (d(A,B) 32.82)  OUT x>1230 ratio 0.00 (d(A,B) 30.95)
      r1_control: t=4.77s p~0.60 IN x<914 ratio 0.00 (d(A,B) 30.62)  OUT x>1375 ratio 0.00 (d(A,B) 30.30)
      r1_control: t=5.38s p~0.67 IN x<1059 ratio 0.00 (d(A,B) 28.30)  OUT x>1520 ratio 0.00 (d(A,B) 27.50)
      r1_control: t=5.97s p~0.75 IN x<1203 ratio 0.00 (d(A,B) 28.10)  OUT x>1663 ratio 0.00 (d(A,B) 15.75)
PASS  r1_control: during a crossfade each clip keeps its own history (IN=B OUT=A; 8 counted frames, ratios <= 0.05): []
--- r1_ring
      r1_ring: t=1.08s p~0.13 IN x<28 ratio 0.00 (d(A,B) 15.00)  OUT x>489 ratio 0.00 (d(A,B) 30.91)
      r1_ring: t=1.69s p~0.21 IN x<176 ratio 0.00 (d(A,B) 3.71)  OUT x>636 ratio 0.00 (d(A,B) 28.42)  [not counted]
      r1_ring: t=2.31s p~0.29 IN x<323 ratio 0.00 (d(A,B) 14.93)  OUT x>783 ratio 0.00 (d(A,B) 27.00)
      r1_ring: t=2.93s p~0.37 IN x<471 ratio 0.00 (d(A,B) 24.85)  OUT x>932 ratio 0.00 (d(A,B) 28.58)
      r1_ring: t=3.56s p~0.45 IN x<624 ratio 0.00 (d(A,B) 31.01)  OUT x>1084 ratio 0.00 (d(A,B) 30.92)
      r1_ring: t=4.18s p~0.52 IN x<772 ratio 0.00 (d(A,B) 33.04)  OUT x>1233 ratio 0.00 (d(A,B) 31.18)
      r1_ring: t=4.79s p~0.60 IN x<918 ratio 0.00 (d(A,B) 30.73)  OUT x>1379 ratio 0.00 (d(A,B) 30.50)
      r1_ring: t=5.40s p~0.68 IN x<1066 ratio 0.00 (d(A,B) 28.44)  OUT x>1527 ratio 0.00 (d(A,B) 27.36)
      r1_ring: t=6.01s p~0.75 IN x<1211 ratio 0.00 (d(A,B) 28.35)  OUT x>1672 ratio 0.00 (d(A,B) 15.09)
PASS  r1_ring: during a crossfade each clip keeps its own history (IN=B OUT=A; 8 counted frames, ratios <= 0.05): []
--- r1_retrigger
      r1_retrigger: t=1.08s p~0.13 IN x<27 ratio 0.00 (d(A,B) 14.00)  OUT x>488 ratio 0.00 (d(A,B) 30.33)
      r1_retrigger: t=1.68s p~0.21 IN x<172 ratio 0.00 (d(A,B) 3.45)  OUT x>633 ratio 0.00 (d(A,B) 27.93)  [not counted]
      r1_retrigger: t=2.28s p~0.28 IN x<315 ratio 0.00 (d(A,B) 13.82)  OUT x>776 ratio 0.00 (d(A,B) 26.47)
      r1_retrigger: t=2.87s p~0.36 IN x<459 ratio 0.00 (d(A,B) 24.20)  OUT x>920 ratio 0.00 (d(A,B) 27.75)
      r1_retrigger: t=3.49s p~0.44 IN x<606 ratio 0.00 (d(A,B) 29.71)  OUT x>1067 ratio 0.00 (d(A,B) 30.13)
      r1_retrigger: t=4.11s p~0.51 IN x<754 ratio 0.00 (d(A,B) 32.55)  OUT x>1215 ratio 0.00 (d(A,B) 30.70)
      r1_retrigger: t=4.72s p~0.59 IN x<901 ratio 0.00 (d(A,B) 30.70)  OUT x>1362 ratio 0.00 (d(A,B) 30.02)
      r1_retrigger: t=5.33s p~0.67 IN x<1048 ratio 0.00 (d(A,B) 28.07)  OUT x>1508 ratio 0.00 (d(A,B) 27.62)
      r1_retrigger: t=5.94s p~0.74 IN x<1194 ratio 0.00 (d(A,B) 27.72)  OUT x>1655 ratio 0.00 (d(A,B) 16.18)
PASS  r1_retrigger: during a crossfade each clip keeps its own history (re-triggered: IN=A OUT=B; 8 counted frames, ratios <= 0.05): []
--- r1_counts
      r1_counts: frame_rings 4 -> 6 (+2), temporal_buffers 9 -> 9 (+0); peak_frame_time_ms first use 1.80, first fade 1.48, second fade (no creation) 1.55; load avg 3.13 3.15 3.23
PASS  r1_counts: 5 fades on one layer (Screen Split on every clip) hold exactly 2 rings (+2) and <= 2 temporal buffers (+0)
PASS  r1_counts: longest frame across the layer's first use (its ring created) 1.80 ms <= 16.7 ms
PASS  r1_counts: longest frame across the first fade (spare ring created) 1.48 ms <= 16.7 ms
--- r4_opaque_opacity
      r4_opaque_opacity: d(reference, full)=14.57 d(subject, reference)=0.00 d(subject, full)=14.57
PASS  r4_opaque_opacity: a persistent Opaque layer at opacity 0.5 blends over the active deck like the same layer at that opacity on the deck (d=0.00, tol 1.5)
--- r4_opaque_overlay
      r4_opaque_overlay: outside centre d(f, A)=0.00; centre d(f, A)=35.73
PASS  r4_opaque_overlay: a persistent Opaque layer never hides the active deck (outside d=0.00 <= 1.5, centre d=35.73 >= 5)
--- r4_fxonly_persistent
      r4_fxonly_persistent: d(reference, A-only)=228.66 d(subject, reference)=0.00 d(subject, A-only)=228.66
PASS  r4_fxonly_persistent: a persistent layer (type 2) with a media-less effect clip applies its effects over the active deck like the same layer on the deck (d=0.00, tol 1.5)
--- r4_fxonly_medialess
      r4_fxonly_medialess: d(reference, A-only)=228.66 d(subject, reference)=0.00 d(subject, A-only)=228.66
PASS  r4_fxonly_medialess: a persistent layer (type 1) with a media-less effect clip applies its effects over the active deck like the same layer on the deck (d=0.00, tol 1.5)
--- r4_mask_skipped
PASS  r4_mask_skipped: a persistent Mask layer stays skipped (frame == A-only, d=0.00, tol 1.5)
--- r4_empty_active_deck
      r4_empty_active_deck: reference rgb 19.46, subject rgb 19.46, d(subject, reference)=0.00
PASS  r4_empty_active_deck: persistent layers render over an EMPTY active deck exactly as over a black one (d=0.00, tol 1.5)

PY 32 PASS / 0 FAIL
PASS  no foreign render_frame traffic during the run
PASS  app terminated

PROBE-RENDER-STATE GREEN
