UNSUPPORTED (log once): POSSIBLE ISSUE: unit 0 GLD_TEXTURE_INDEX_2D is unloadable and bound to sampler type (Float) - using zero texture because texture unloadable
Filters: "T6 a MilkDrop soft cut draws into the canvas texture"
Randomness seeded to: 3029881735
DATA soft-cut t=0.148s size=1920x1080 tex=1920x1080 median=(200,54,30,255) alpha255=100.0000% in_box=100.0000% near_B=0.0000% near_A=100.0000%
DATA soft-cut t=0.210s size=1920x1080 tex=1920x1080 median=(194,58,38,255) alpha255=100.0000% in_box=100.0000% near_B=0.0000% near_A=0.0000%
DATA soft-cut t=0.241s size=1920x1080 tex=1920x1080 median=(189,62,43,255) alpha255=100.0000% in_box=100.0000% near_B=0.0000% near_A=0.0000%
DATA soft-cut t=0.271s size=1920x1080 tex=1920x1080 median=(184,65,49,255) alpha255=100.0000% in_box=100.0000% near_B=0.0000% near_A=0.0000%
DATA soft-cut t=0.302s size=1920x1080 tex=1920x1080 median=(178,69,55,255) alpha255=100.0000% in_box=100.0000% near_B=0.0000% near_A=0.0000%
DATA soft-cut t=0.333s size=1920x1080 tex=1920x1080 median=(172,74,63,255) alpha255=100.0000% in_box=100.0000% near_B=0.0000% near_A=0.0000%
DATA soft-cut t=0.364s size=1920x1080 tex=1920x1080 median=(165,79,71,255) alpha255=100.0000% in_box=100.0000% near_B=0.0000% near_A=0.0000%
DATA soft-cut t=0.399s size=1920x1080 tex=1920x1080 median=(157,85,80,255) alpha255=100.0000% in_box=100.0000% near_B=0.0000% near_A=0.0000%
DATA soft-cut t=0.430s size=1920x1080 tex=1920x1080 median=(149,90,89,255) alpha255=100.0000% in_box=100.0000% near_B=0.0000% near_A=0.0000%
DATA soft-cut t=0.461s size=1920x1080 tex=1920x1080 median=(141,96,98,255) alpha255=100.0000% in_box=100.0000% near_B=0.0000% near_A=0.0000%
DATA soft-cut t=0.492s size=1920x1080 tex=1920x1080 median=(132,102,108,255) alpha255=100.0000% in_box=100.0000% near_B=0.0000% near_A=0.0000%
DATA soft-cut t=0.523s size=1920x1080 tex=1920x1080 median=(124,108,118,255) alpha255=100.0000% in_box=100.0000% near_B=0.0000% near_A=0.0000%
DATA soft-cut t=0.554s size=1920x1080 tex=1920x1080 median=(115,115,128,255) alpha255=100.0000% in_box=100.0000% near_B=0.0000% near_A=0.0000%
DATA soft-cut t=0.585s size=1920x1080 tex=1920x1080 median=(106,121,137,255) alpha255=100.0000% in_box=100.0000% near_B=0.0000% near_A=0.0000%
DATA soft-cut t=0.616s size=1920x1080 tex=1920x1080 median=(98,127,147,255) alpha255=100.0000% in_box=100.0000% near_B=0.0000% near_A=0.0000%
DATA soft-cut t=0.647s size=1920x1080 tex=1920x1080 median=(89,133,157,255) alpha255=100.0000% in_box=100.0000% near_B=0.0000% near_A=0.0000%
DATA soft-cut t=0.677s size=1920x1080 tex=1920x1080 median=(81,139,166,255) alpha255=100.0000% in_box=100.0000% near_B=0.0000% near_A=0.0000%
DATA soft-cut t=0.708s size=1920x1080 tex=1920x1080 median=(74,144,175,255) alpha255=100.0000% in_box=100.0000% near_B=0.0000% near_A=0.0000%
DATA soft-cut t=0.739s size=1920x1080 tex=1920x1080 median=(66,149,183,255) alpha255=100.0000% in_box=100.0000% near_B=0.0000% near_A=0.0000%
DATA soft-cut t=0.771s size=1920x1080 tex=1920x1080 median=(59,155,191,255) alpha255=100.0000% in_box=100.0000% near_B=0.0000% near_A=0.0000%
DATA soft-cut t=0.801s size=1920x1080 tex=1920x1080 median=(53,159,199,255) alpha255=100.0000% in_box=100.0000% near_B=0.0000% near_A=0.0000%
DATA soft-cut t=0.832s size=1920x1080 tex=1920x1080 median=(47,163,205,255) alpha255=100.0000% in_box=100.0000% near_B=0.0000% near_A=0.0000%
DATA soft-cut t=0.863s size=1920x1080 tex=1920x1080 median=(42,167,211,255) alpha255=100.0000% in_box=100.0000% near_B=0.0000% near_A=0.0000%
DATA soft-cut t=0.894s size=1920x1080 tex=1920x1080 median=(37,170,217,255) alpha255=100.0000% in_box=100.0000% near_B=0.0000% near_A=0.0000%
DATA soft-cut t=0.925s size=1920x1080 tex=1920x1080 median=(33,173,221,255) alpha255=100.0000% in_box=100.0000% near_B=0.0000% near_A=0.0000%
DATA soft-cut t=0.956s size=1920x1080 tex=1920x1080 median=(30,175,224,255) alpha255=100.0000% in_box=100.0000% near_B=100.0000% near_A=0.0000%
DATA soft-cut t=0.988s size=1920x1080 tex=1920x1080 median=(28,177,227,255) alpha255=100.0000% in_box=100.0000% near_B=100.0000% near_A=0.0000%
DATA soft-cut t=1.021s size=1920x1080 tex=1920x1080 median=(26,178,228,255) alpha255=100.0000% in_box=100.0000% near_B=100.0000% near_A=0.0000%
DATA soft-cut t=1.057s size=1920x1080 tex=1920x1080 median=(26,178,229,255) alpha255=100.0000% in_box=100.0000% near_B=100.0000% near_A=0.0000%
DATA soft-cut t=1.088s size=1920x1080 tex=1920x1080 median=(26,178,229,255) alpha255=100.0000% in_box=100.0000% near_B=100.0000% near_A=0.0000%
DATA soft-cut t=1.120s size=1920x1080 tex=1920x1080 median=(26,178,229,255) alpha255=100.0000% in_box=100.0000% near_B=100.0000% near_A=0.0000%
DATA soft-cut t=1.152s size=1920x1080 tex=1920x1080 median=(26,178,229,255) alpha255=100.0000% in_box=100.0000% near_B=100.0000% near_A=0.0000%
DATA soft-cut t=1.184s size=1920x1080 tex=1920x1080 median=(26,178,229,255) alpha255=100.0000% in_box=100.0000% near_B=100.0000% near_A=0.0000%
DATA soft-cut t=1.218s size=1920x1080 tex=1920x1080 median=(26,178,229,255) alpha255=100.0000% in_box=100.0000% near_B=100.0000% near_A=0.0000%
DATA soft-cut t=1.256s size=1920x1080 tex=1920x1080 median=(26,178,229,255) alpha255=100.0000% in_box=100.0000% near_B=100.0000% near_A=0.0000%
DATA soft-cut t=1.293s size=1920x1080 tex=1920x1080 median=(26,178,229,255) alpha255=100.0000% in_box=100.0000% near_B=100.0000% near_A=0.0000%
DATA soft-cut t=1.331s size=1920x1080 tex=1920x1080 median=(26,178,229,255) alpha255=100.0000% in_box=100.0000% near_B=100.0000% near_A=0.0000%
DATA soft-cut t=1.424s size=1920x1080 tex=1920x1080 median=(26,178,229,255) alpha255=100.0000% in_box=100.0000% near_B=100.0000% near_A=0.0000%
DATA soft-cut t=1.590s size=1920x1080 tex=1920x1080 median=(26,178,229,255) alpha255=100.0000% in_box=100.0000% near_B=100.0000% near_A=0.0000%
DATA soft-cut t=1.749s size=1920x1080 tex=1920x1080 median=(26,178,229,255) alpha255=100.0000% in_box=100.0000% near_B=100.0000% near_A=0.0000%
DATA soft-cut t=1.858s size=1920x1080 tex=1920x1080 median=(26,178,229,255) alpha255=100.0000% in_box=100.0000% near_B=100.0000% near_A=0.0000%
DATA soft-cut t=1.889s size=1920x1080 tex=1920x1080 median=(26,178,229,255) alpha255=100.0000% in_box=100.0000% near_B=100.0000% near_A=0.0000%
DATA soft-cut t=1.921s size=1920x1080 tex=1920x1080 median=(26,178,229,255) alpha255=100.0000% in_box=100.0000% near_B=100.0000% near_A=0.0000%
DATA soft-cut t=1.953s size=1920x1080 tex=1920x1080 median=(26,178,229,255) alpha255=100.0000% in_box=100.0000% near_B=100.0000% near_A=0.0000%
DATA soft-cut t=1.985s size=1920x1080 tex=1920x1080 median=(26,178,229,255) alpha255=100.0000% in_box=100.0000% near_B=100.0000% near_A=0.0000%
DATA soft-cut frames=121 reads=45
DATA soft-cut mid_transition_read=1 last_read_near_B=100.0000%
===============================================================================
All tests passed (189 assertions in 1 test case)

