UNSUPPORTED (log once): POSSIBLE ISSUE: unit 0 GLD_TEXTURE_INDEX_2D is unloadable and bound to sampler type (Float) - using zero texture because texture unloadable
Filters: "T6 a MilkDrop soft cut draws into the canvas texture"
Randomness seeded to: 2717402599
DATA soft-cut t=0.147s size=1920x1080 tex=1920x1080 median=(204,51,26,255) alpha255=100.0000% in_box=100.0000% near_B=0.0000% near_A=100.0000%
DATA soft-cut t=0.205s size=1920x1080 tex=1920x1080 median=(204,51,26,255) alpha255=100.0000% in_box=100.0000% near_B=0.0000% near_A=99.8866%
DATA soft-cut t=0.236s size=1920x1080 tex=1920x1080 median=(204,51,26,255) alpha255=100.0000% in_box=100.0000% near_B=0.0000% near_A=99.1008%
DATA soft-cut t=0.267s size=1920x1080 tex=1920x1080 median=(204,51,26,255) alpha255=100.0000% in_box=100.0000% near_B=0.0000% near_A=97.2839%
DATA soft-cut t=0.298s size=1920x1080 tex=1920x1080 median=(204,51,26,255) alpha255=100.0000% in_box=100.0000% near_B=0.0000% near_A=94.0501%
DATA soft-cut t=0.329s size=1920x1080 tex=1920x1080 median=(204,51,26,255) alpha255=100.0000% in_box=100.0000% near_B=0.0000% near_A=88.9390%
DATA soft-cut t=0.361s size=1920x1080 tex=1920x1080 median=(204,51,26,255) alpha255=100.0000% in_box=100.0000% near_B=0.0000% near_A=81.5356%
DATA soft-cut t=0.391s size=1920x1080 tex=1920x1080 median=(204,51,26,255) alpha255=100.0000% in_box=100.0000% near_B=0.0000% near_A=71.9176%
DATA soft-cut t=0.422s size=1920x1080 tex=1920x1080 median=(204,51,26,255) alpha255=100.0000% in_box=100.0000% near_B=0.0032% near_A=60.1469%
DATA soft-cut t=0.452s size=1920x1080 tex=1920x1080 median=(196,57,36,255) alpha255=100.0000% in_box=100.0000% near_B=1.3312% near_A=47.8848%
DATA soft-cut t=0.482s size=1920x1080 tex=1920x1080 median=(172,74,62,255) alpha255=100.0000% in_box=100.0000% near_B=5.1694% near_A=35.3660%
DATA soft-cut t=0.512s size=1920x1080 tex=1920x1080 median=(138,98,101,255) alpha255=100.0000% in_box=100.0000% near_B=11.6229% near_A=23.2588%
DATA soft-cut t=0.542s size=1920x1080 tex=1920x1080 median=(100,125,144,255) alpha255=100.0000% in_box=100.0000% near_B=20.8397% near_A=13.4464%
DATA soft-cut t=0.572s size=1920x1080 tex=1920x1080 median=(64,151,185,255) alpha255=100.0000% in_box=100.0000% near_B=32.8288% near_A=6.2529%
DATA soft-cut t=0.603s size=1920x1080 tex=1920x1080 median=(37,170,216,255) alpha255=100.0000% in_box=100.0000% near_B=46.0257% near_A=1.7426%
DATA soft-cut t=0.634s size=1920x1080 tex=1920x1080 median=(26,178,229,255) alpha255=100.0000% in_box=100.0000% near_B=59.2366% near_A=0.0191%
DATA soft-cut t=0.664s size=1920x1080 tex=1920x1080 median=(26,178,229,255) alpha255=100.0000% in_box=100.0000% near_B=71.5671% near_A=0.0000%
DATA soft-cut t=0.695s size=1920x1080 tex=1920x1080 median=(26,178,229,255) alpha255=100.0000% in_box=100.0000% near_B=82.0856% near_A=0.0000%
DATA soft-cut t=0.725s size=1920x1080 tex=1920x1080 median=(26,178,229,255) alpha255=100.0000% in_box=100.0000% near_B=89.7861% near_A=0.0000%
DATA soft-cut t=0.756s size=1920x1080 tex=1920x1080 median=(26,178,229,255) alpha255=100.0000% in_box=100.0000% near_B=95.1635% near_A=0.0000%
DATA soft-cut t=0.787s size=1920x1080 tex=1920x1080 median=(26,178,229,255) alpha255=100.0000% in_box=100.0000% near_B=98.3834% near_A=0.0000%
DATA soft-cut t=0.818s size=1920x1080 tex=1920x1080 median=(26,178,229,255) alpha255=100.0000% in_box=100.0000% near_B=99.8190% near_A=0.0000%
DATA soft-cut t=0.852s size=1920x1080 tex=1920x1080 median=(26,178,229,255) alpha255=100.0000% in_box=100.0000% near_B=100.0000% near_A=0.0000%
DATA soft-cut t=0.882s size=1920x1080 tex=1920x1080 median=(26,178,229,255) alpha255=100.0000% in_box=100.0000% near_B=100.0000% near_A=0.0000%
DATA soft-cut t=0.913s size=1920x1080 tex=1920x1080 median=(26,178,229,255) alpha255=100.0000% in_box=100.0000% near_B=100.0000% near_A=0.0000%
DATA soft-cut t=0.944s size=1920x1080 tex=1920x1080 median=(26,178,229,255) alpha255=100.0000% in_box=100.0000% near_B=100.0000% near_A=0.0000%
DATA soft-cut t=0.977s size=1920x1080 tex=1920x1080 median=(26,178,229,255) alpha255=100.0000% in_box=100.0000% near_B=100.0000% near_A=0.0000%
DATA soft-cut t=1.007s size=1920x1080 tex=1920x1080 median=(26,178,229,255) alpha255=100.0000% in_box=100.0000% near_B=100.0000% near_A=0.0000%
DATA soft-cut t=1.038s size=1920x1080 tex=1920x1080 median=(26,178,229,255) alpha255=100.0000% in_box=100.0000% near_B=100.0000% near_A=0.0000%
DATA soft-cut t=1.070s size=1920x1080 tex=1920x1080 median=(26,178,229,255) alpha255=100.0000% in_box=100.0000% near_B=100.0000% near_A=0.0000%
DATA soft-cut t=1.102s size=1920x1080 tex=1920x1080 median=(26,178,229,255) alpha255=100.0000% in_box=100.0000% near_B=100.0000% near_A=0.0000%
DATA soft-cut t=1.132s size=1920x1080 tex=1920x1080 median=(26,178,229,255) alpha255=100.0000% in_box=100.0000% near_B=100.0000% near_A=0.0000%
DATA soft-cut t=1.162s size=1920x1080 tex=1920x1080 median=(26,178,229,255) alpha255=100.0000% in_box=100.0000% near_B=100.0000% near_A=0.0000%
DATA soft-cut t=1.192s size=1920x1080 tex=1920x1080 median=(26,178,229,255) alpha255=100.0000% in_box=100.0000% near_B=100.0000% near_A=0.0000%
DATA soft-cut t=1.223s size=1920x1080 tex=1920x1080 median=(26,178,229,255) alpha255=100.0000% in_box=100.0000% near_B=100.0000% near_A=0.0000%
DATA soft-cut t=1.259s size=1920x1080 tex=1920x1080 median=(26,178,229,255) alpha255=100.0000% in_box=100.0000% near_B=100.0000% near_A=0.0000%
DATA soft-cut t=1.294s size=1920x1080 tex=1920x1080 median=(26,178,229,255) alpha255=100.0000% in_box=100.0000% near_B=100.0000% near_A=0.0000%
DATA soft-cut t=1.330s size=1920x1080 tex=1920x1080 median=(26,178,229,255) alpha255=100.0000% in_box=100.0000% near_B=100.0000% near_A=0.0000%
DATA soft-cut t=1.422s size=1920x1080 tex=1920x1080 median=(26,178,229,255) alpha255=100.0000% in_box=100.0000% near_B=100.0000% near_A=0.0000%
DATA soft-cut t=1.583s size=1920x1080 tex=1920x1080 median=(26,178,229,255) alpha255=100.0000% in_box=100.0000% near_B=100.0000% near_A=0.0000%
DATA soft-cut t=1.743s size=1920x1080 tex=1920x1080 median=(26,178,229,255) alpha255=100.0000% in_box=100.0000% near_B=100.0000% near_A=0.0000%
DATA soft-cut t=1.856s size=1920x1080 tex=1920x1080 median=(26,178,229,255) alpha255=100.0000% in_box=100.0000% near_B=100.0000% near_A=0.0000%
DATA soft-cut t=1.897s size=1920x1080 tex=1920x1080 median=(26,178,229,255) alpha255=100.0000% in_box=100.0000% near_B=100.0000% near_A=0.0000%
DATA soft-cut t=1.927s size=1920x1080 tex=1920x1080 median=(26,178,229,255) alpha255=100.0000% in_box=100.0000% near_B=100.0000% near_A=0.0000%
DATA soft-cut t=1.957s size=1920x1080 tex=1920x1080 median=(26,178,229,255) alpha255=100.0000% in_box=100.0000% near_B=100.0000% near_A=0.0000%
DATA soft-cut t=1.988s size=1920x1080 tex=1920x1080 median=(26,178,229,255) alpha255=100.0000% in_box=100.0000% near_B=100.0000% near_A=0.0000%
DATA soft-cut frames=121 reads=46
DATA soft-cut mid_transition_read=1 last_read_near_B=100.0000%
===============================================================================
All tests passed (193 assertions in 1 test case)

