2026-10-04 22:26:31 GATE nudge S1 start; lane head a8afcfb; lane status lines 0
=== G-N0(b): pristine 185147b + the golden commit 3ba5ca1's two files (taken from the commit object)
golden commit files:  tests/CMakeLists.txt                 |  48 +++++++  tests/test_analysis_nudge_golden.cpp | 270 +++++++++++++++++++++++++++++++++++  2 files changed, 318 insertions(+) 
free: 289Gi
worktree add rc=0; head 185147b
pristine tree now differs from 185147b only by:
 M tests/CMakeLists.txt
?? tests/test_analysis_nudge_golden.cpp
 1 file changed, 48 insertions(+)
configure rc=0
build rc=0; objects compiled 127; errors 0
run 1 rc=0 | [golden] auto publishes=1965 hash=0xd731eb3d8ada4fe7 raw=0xe1d4fdd8db3d2a63 | [golden] commands publishes=1965 hash=0xee912dc7695ff904 raw=0xf1c78019a1f873c8 | All tests passed (11 assertions in 2 test cases)  
run 2 rc=0 | [golden] auto publishes=1965 hash=0xd731eb3d8ada4fe7 raw=0xe1d4fdd8db3d2a63 | [golden] commands publishes=1965 hash=0xee912dc7695ff904 raw=0xf1c78019a1f873c8 | All tests passed (11 assertions in 2 test cases)  
run 3 rc=0 | [golden] auto publishes=1965 hash=0xd731eb3d8ada4fe7 raw=0xe1d4fdd8db3d2a63 | [golden] commands publishes=1965 hash=0xee912dc7695ff904 raw=0xf1c78019a1f873c8 | All tests passed (11 assertions in 2 test cases)  
[golden-info] auto tailNonZero=0 last: bpm=121.306 state=2 beats=25 bars=5 onsets=42 seq=0
[golden-info] commands tailNonZero=0 last: bpm=121.590 state=2 beats=36 bars=6 onsets=42 seq=5
ctest golden rc=0: 100% tests passed, 0 tests failed out of 2 
PASS  G-N0(b): 3 of 3 runs print main's two golden lines equal to the recorded constants
pristine worktree removed rc=0; listed still: 0
=== G-N1 unit, on the lane
--- files changed 8b464a6..HEAD
.harmony/.reports/s-rta-1004b/nudge-S1.md .harmony/nudge-mutants-s1.py CMakeLists.txt src/analysis/BPMTracker.cpp src/analysis/BPMTracker.h src/analysis/BeatShift.cpp src/analysis/BeatShift.h src/model/BeatNudge.h tests/CMakeLists.txt tests/test_analysis_nudge_golden.cpp tests/test_beat_shift.cpp 
lane build rc=0; compiled objects: 0
Total Tests: 1276
ctest-mutex rc=0
100% tests passed, 0 tests failed out of 1276
Total Test time (real) = 137.57 sec
ctest rc=0
own cases rc=0: 100% tests passed, 0 tests failed out of 28
harness selftest rc=0: PASS  selftest: a mutant that changes nothing is reported SURVIVED; a lost anchor is reported NOT APPLIED
mutant harness rc=0
RED  STUB an apply that writes nothing: 19 of 22 case(s) FAILED; passing: T-N14 real-time text gate | T-N15 never engage
RED  M1 delta's sign flipped: 2 of 2 named case(s) FAILED: T-N1 sign + size | T-N3 edge time
RED  M2 the hold removed: 2 of 2 named case(s) FAILED: T-N5 Auto, the onset and the wrap apart | T-N5 arm MISSED
RED  M3 beatInBar' = S's: 1 of 1 named case(s) FAILED: T-N4 bar line, Manual
RED  M4 the bar counts not carried: 1 of 1 named case(s) FAILED: T-N4 bar line, Manual
RED  M5 the glide stops 0.01 ms short: 1 of 1 named case(s) FAILED: T-N12 back to zero
RED  M6 the target read as D + 1: 2 of 2 named case(s) FAILED: T-N2 1 ms | T-N15 never engaged = untouched
RED  M7 no glide: 1 of 1 named case(s) FAILED: T-N11 glide
RED  M8 delta from the first hop's bpm: 1 of 1 named case(s) FAILED: T-N7 tempo change
RED  M9 the origin clamp removed: 1 of 2 named case(s) FAILED: T-N8b a replayed Resync at -250 (the shifted view still i
RED  M10 the cap removed: 1 of 1 named case(s) FAILED: T-N6 none skipped
RED  M11 apply also writes onsetCount: 3 of 3 named case(s) FAILED: T-N4 bar line, Manual | T-N5 Auto, the onset and the
RED  M19 count' in uint32: 1 of 1 named case(s) FAILED: T-N13 a later nudge before the first lock
RED  M20 a std::vector member: 1 of 1 named case(s) FAILED: T-N14 real-time text gate
RED  M21 the lag term removed: 2 of 3 named case(s) FAILED: T-N5 Auto, the onset and the wrap apart | T-N5b a bar snap i
RED  M22 the sequence not held: 1 of 1 named case(s) FAILED: T-N8c the sequence during a hold
RED  M23 the restart removed (the applied value snaps to 0, then the ordinary guards): 2 of 2 named case(s) FAILED: T-N8
RED  M27 no relabel after a tracker Resync: 1 of 2 named case(s) FAILED: T-N8b a replayed Resync at +250, the tracker on
RED  M28 the bar fields re-seated on every hop: 1 of 1 named case(s) FAILED: T-N5 arm MISSED
RED  R1a the lag clamped at 0 from below (its -1 side dropped): 2 of 3 named case(s) FAILED: T-N5 Auto, the onset and th
RED  R1b the bar-phase formula's divisor drifted from the tracker's: 2 of 3 named case(s) FAILED: T-N4 bar line, Manual 
RED  R1c the phrase formula's bar index drifted from the tracker's: 2 of 3 named case(s) FAILED: T-N4 bar line, Manual |
PASS  nudge S1 unit mutants: 21 of 21 RED; the stub arm RED; control GREEN
lane worktree clean after (expect 0): 0
2026-10-04 22:30:55 GATE nudge S1 end
