UNSUPPORTED (log once): POSSIBLE ISSUE: unit 0 GLD_TEXTURE_INDEX_2D is unloadable and bound to sampler type (Float) - using zero texture because texture unloadable
Filters: "T6 a MilkDrop soft cut draws into the canvas texture"
Randomness seeded to: 3351040188
DATA soft-cut t=0.147s size=1920x1080 tex=1920x1080 median=(204,51,26,255) alpha255=100.0000% in_box=100.0000% near_B=0.0000% near_A=100.0000%
DATA soft-cut t=0.304s size=1920x1080 tex=1920x1080 median=(204,51,26,255) alpha255=100.0000% in_box=100.0000% near_B=0.0000% near_A=97.4256%
DATA soft-cut t=0.464s size=1920x1080 tex=1920x1080 median=(204,51,26,255) alpha255=100.0000% in_box=100.0000% near_B=25.4095% near_A=60.5993%
DATA soft-cut t=0.626s size=1920x1080 tex=1920x1080 median=(26,178,229,255) alpha255=100.0000% in_box=100.0000% near_B=68.4227% near_A=17.5860%
DATA soft-cut t=0.785s size=1920x1080 tex=1920x1080 median=(26,178,229,255) alpha255=100.0000% in_box=100.0000% near_B=100.0000% near_A=0.0000%
DATA soft-cut t=0.941s size=1920x1080 tex=1920x1080 median=(26,178,229,255) alpha255=100.0000% in_box=100.0000% near_B=100.0000% near_A=0.0000%
DATA soft-cut t=1.104s size=1920x1080 tex=1920x1080 median=(26,178,229,255) alpha255=100.0000% in_box=100.0000% near_B=100.0000% near_A=0.0000%
DATA soft-cut t=1.264s size=1920x1080 tex=1920x1080 median=(26,178,229,255) alpha255=100.0000% in_box=100.0000% near_B=100.0000% near_A=0.0000%
DATA soft-cut t=1.425s size=1920x1080 tex=1920x1080 median=(26,178,229,255) alpha255=100.0000% in_box=100.0000% near_B=100.0000% near_A=0.0000%
DATA soft-cut t=1.584s size=1920x1080 tex=1920x1080 median=(26,178,229,255) alpha255=100.0000% in_box=100.0000% near_B=100.0000% near_A=0.0000%
DATA soft-cut t=1.742s size=1920x1080 tex=1920x1080 median=(26,178,229,255) alpha255=100.0000% in_box=100.0000% near_B=100.0000% near_A=0.0000%
DATA soft-cut t=1.857s size=1920x1080 tex=1920x1080 median=(26,178,229,255) alpha255=100.0000% in_box=100.0000% near_B=100.0000% near_A=0.0000%
DATA soft-cut t=1.891s size=1920x1080 tex=1920x1080 median=(26,178,229,255) alpha255=100.0000% in_box=100.0000% near_B=100.0000% near_A=0.0000%
DATA soft-cut t=1.924s size=1920x1080 tex=1920x1080 median=(26,178,229,255) alpha255=100.0000% in_box=100.0000% near_B=100.0000% near_A=0.0000%
DATA soft-cut t=1.955s size=1920x1080 tex=1920x1080 median=(26,178,229,255) alpha255=100.0000% in_box=100.0000% near_B=100.0000% near_A=0.0000%
DATA soft-cut t=1.987s size=1920x1080 tex=1920x1080 median=(26,178,229,255) alpha255=100.0000% in_box=100.0000% near_B=100.0000% near_A=0.0000%
DATA soft-cut frames=121 reads=16
DATA soft-cut mid_transition_read=1 last_read_near_B=100.0000%
===============================================================================
All tests passed (73 assertions in 1 test case)

