UNSUPPORTED (log once): POSSIBLE ISSUE: unit 0 GLD_TEXTURE_INDEX_2D is unloadable and bound to sampler type (Float) - using zero texture because texture unloadable
Filters: "T6 a MilkDrop soft cut draws into the canvas texture"
Randomness seeded to: 2549870655
DATA soft-cut t=0.145s size=1920x1080 tex=1920x1080 median=(204,51,26,255) alpha255=100.0000% in_box=100.0000% near_B=0.0000% near_A=100.0000%
DATA soft-cut t=0.302s size=1920x1080 tex=1920x1080 median=(204,51,26,255) alpha255=100.0000% in_box=100.0000% near_B=0.0000% near_A=81.5625%
DATA soft-cut t=0.464s size=1920x1080 tex=1920x1080 median=(181,67,52,255) alpha255=100.0000% in_box=100.0000% near_B=0.0000% near_A=38.1250%
DATA soft-cut t=0.625s size=1920x1080 tex=1920x1080 median=(59,154,191,255) alpha255=100.0000% in_box=100.0000% near_B=33.1250% near_A=0.0000%
DATA soft-cut t=0.786s size=1920x1080 tex=1920x1080 median=(26,178,229,255) alpha255=100.0000% in_box=100.0000% near_B=77.6042% near_A=0.0000%
DATA soft-cut t=0.944s size=1920x1080 tex=1920x1080 median=(26,178,229,255) alpha255=100.0000% in_box=100.0000% near_B=100.0000% near_A=0.0000%
DATA soft-cut t=1.104s size=1920x1080 tex=1920x1080 median=(26,178,229,255) alpha255=100.0000% in_box=100.0000% near_B=100.0000% near_A=0.0000%
DATA soft-cut t=1.263s size=1920x1080 tex=1920x1080 median=(26,178,229,255) alpha255=100.0000% in_box=100.0000% near_B=100.0000% near_A=0.0000%
DATA soft-cut t=1.422s size=1920x1080 tex=1920x1080 median=(26,178,229,255) alpha255=100.0000% in_box=100.0000% near_B=100.0000% near_A=0.0000%
DATA soft-cut t=1.584s size=1920x1080 tex=1920x1080 median=(26,178,229,255) alpha255=100.0000% in_box=100.0000% near_B=100.0000% near_A=0.0000%
DATA soft-cut t=1.740s size=1920x1080 tex=1920x1080 median=(26,178,229,255) alpha255=100.0000% in_box=100.0000% near_B=100.0000% near_A=0.0000%
DATA soft-cut t=1.857s size=1920x1080 tex=1920x1080 median=(26,178,229,255) alpha255=100.0000% in_box=100.0000% near_B=100.0000% near_A=0.0000%
DATA soft-cut t=1.888s size=1920x1080 tex=1920x1080 median=(26,178,229,255) alpha255=100.0000% in_box=100.0000% near_B=100.0000% near_A=0.0000%
DATA soft-cut t=1.920s size=1920x1080 tex=1920x1080 median=(26,178,229,255) alpha255=100.0000% in_box=100.0000% near_B=100.0000% near_A=0.0000%
DATA soft-cut t=1.952s size=1920x1080 tex=1920x1080 median=(26,178,229,255) alpha255=100.0000% in_box=100.0000% near_B=100.0000% near_A=0.0000%
DATA soft-cut t=1.984s size=1920x1080 tex=1920x1080 median=(26,178,229,255) alpha255=100.0000% in_box=100.0000% near_B=100.0000% near_A=0.0000%
DATA soft-cut frames=121 reads=16
DATA soft-cut mid_transition_read=1 last_read_near_B=100.0000%
===============================================================================
All tests passed (73 assertions in 1 test case)

