UNSUPPORTED (log once): POSSIBLE ISSUE: unit 0 GLD_TEXTURE_INDEX_2D is unloadable and bound to sampler type (Float) - using zero texture because texture unloadable
Filters: "T6 a MilkDrop soft cut draws into the canvas texture"
Randomness seeded to: 2070428548
DATA soft-cut t=0.146s size=1920x1080 tex=1920x1080 median=(204,51,26,255) alpha255=100.0000% in_box=100.0000% near_B=0.0000%
DATA soft-cut t=0.306s size=1920x1080 tex=1920x1080 median=(203,51,27,255) alpha255=100.0000% in_box=100.0000% near_B=0.0000%
DATA soft-cut t=0.466s size=1920x1080 tex=1920x1080 median=(190,61,42,255) alpha255=100.0000% in_box=100.0000% near_B=0.0000%
DATA soft-cut t=0.626s size=1920x1080 tex=1920x1080 median=(44,165,208,255) alpha255=100.0000% in_box=100.0000% near_B=0.0000%
DATA soft-cut t=0.786s size=1920x1080 tex=1920x1080 median=(27,177,228,255) alpha255=100.0000% in_box=100.0000% near_B=100.0000%
DATA soft-cut t=0.946s size=1920x1080 tex=1920x1080 median=(26,178,229,255) alpha255=100.0000% in_box=100.0000% near_B=100.0000%
DATA soft-cut t=1.106s size=1920x1080 tex=1920x1080 median=(26,178,229,255) alpha255=100.0000% in_box=100.0000% near_B=100.0000%
DATA soft-cut t=1.266s size=1920x1080 tex=1920x1080 median=(26,178,229,255) alpha255=100.0000% in_box=100.0000% near_B=100.0000%
DATA soft-cut t=1.425s size=1920x1080 tex=1920x1080 median=(26,178,229,255) alpha255=100.0000% in_box=100.0000% near_B=100.0000%
DATA soft-cut t=1.584s size=1920x1080 tex=1920x1080 median=(26,178,229,255) alpha255=100.0000% in_box=100.0000% near_B=100.0000%
DATA soft-cut t=1.746s size=1920x1080 tex=1920x1080 median=(26,178,229,255) alpha255=100.0000% in_box=100.0000% near_B=100.0000%
DATA soft-cut t=1.855s size=1920x1080 tex=1920x1080 median=(26,178,229,255) alpha255=100.0000% in_box=100.0000% near_B=100.0000%
DATA soft-cut t=1.886s size=1920x1080 tex=1920x1080 median=(26,178,229,255) alpha255=100.0000% in_box=100.0000% near_B=100.0000%
DATA soft-cut t=1.917s size=1920x1080 tex=1920x1080 median=(26,178,229,255) alpha255=100.0000% in_box=100.0000% near_B=100.0000%
DATA soft-cut t=1.947s size=1920x1080 tex=1920x1080 median=(26,178,229,255) alpha255=100.0000% in_box=100.0000% near_B=100.0000%
DATA soft-cut t=1.978s size=1920x1080 tex=1920x1080 median=(26,178,229,255) alpha255=100.0000% in_box=100.0000% near_B=100.0000%
DATA soft-cut frames=121 reads=16
===============================================================================
All tests passed (72 assertions in 1 test case)

