UNSUPPORTED (log once): POSSIBLE ISSUE: unit 0 GLD_TEXTURE_INDEX_2D is unloadable and bound to sampler type (Float) - using zero texture because texture unloadable
Filters: "T6 a MilkDrop soft cut draws into the canvas texture"
Randomness seeded to: 2953174628
DATA soft-cut t=0.145s size=1920x1080 tex=1920x1080 median=(204,51,26,255) alpha255=100.0000% in_box=100.0000% near_B=0.0000% near_A=99.9952%
DATA soft-cut t=0.210s size=1920x1080 tex=1920x1080 median=(204,51,26,255) alpha255=100.0000% in_box=100.0000% near_B=0.0000% near_A=99.9098%
DATA soft-cut t=0.252s size=1920x1080 tex=1920x1080 median=(204,51,26,255) alpha255=100.0000% in_box=100.0000% near_B=0.0005% near_A=99.6187%
DATA soft-cut t=0.287s size=1920x1080 tex=1920x1080 median=(204,51,26,255) alpha255=100.0000% in_box=100.0000% near_B=0.0019% near_A=98.8664%
DATA soft-cut t=0.324s size=1920x1080 tex=1920x1080 median=(204,51,26,255) alpha255=100.0000% in_box=100.0000% near_B=0.0043% near_A=96.7706%
DATA soft-cut t=0.359s size=1920x1080 tex=1920x1080 median=(204,51,26,255) alpha255=100.0000% in_box=100.0000% near_B=0.0757% near_A=92.5325%
DATA soft-cut t=0.395s size=1920x1080 tex=1920x1080 median=(204,51,26,255) alpha255=100.0000% in_box=100.0000% near_B=0.5419% near_A=84.9612%
DATA soft-cut t=0.431s size=1920x1080 tex=1920x1080 median=(204,51,26,255) alpha255=100.0000% in_box=100.0000% near_B=2.2346% near_A=73.9658%
DATA soft-cut t=0.465s size=1920x1080 tex=1920x1080 median=(204,51,26,255) alpha255=100.0000% in_box=100.0000% near_B=6.5528% near_A=61.0683%
DATA soft-cut t=0.500s size=1920x1080 tex=1920x1080 median=(189,62,43,255) alpha255=100.0000% in_box=100.0000% near_B=14.8467% near_A=45.9237%
DATA soft-cut t=0.531s size=1920x1080 tex=1920x1080 median=(138,98,102,255) alpha255=100.0000% in_box=100.0000% near_B=24.9137% near_A=33.0109%
DATA soft-cut t=0.563s size=1920x1080 tex=1920x1080 median=(71,146,177,255) alpha255=100.0000% in_box=100.0000% near_B=37.7143% near_A=20.9917%
DATA soft-cut t=0.595s size=1920x1080 tex=1920x1080 median=(29,176,226,255) alpha255=100.0000% in_box=100.0000% near_B=51.6698% near_A=11.2359%
DATA soft-cut t=0.628s size=1920x1080 tex=1920x1080 median=(26,178,229,255) alpha255=100.0000% in_box=100.0000% near_B=65.7992% near_A=4.1631%
DATA soft-cut t=0.661s size=1920x1080 tex=1920x1080 median=(26,178,229,255) alpha255=100.0000% in_box=100.0000% near_B=77.6161% near_A=1.2587%
DATA soft-cut t=0.696s size=1920x1080 tex=1920x1080 median=(26,178,229,255) alpha255=100.0000% in_box=100.0000% near_B=87.5723% near_A=0.1889%
DATA soft-cut t=0.731s size=1920x1080 tex=1920x1080 median=(26,178,229,255) alpha255=100.0000% in_box=100.0000% near_B=94.9538% near_A=0.0286%
DATA soft-cut t=0.765s size=1920x1080 tex=1920x1080 median=(26,178,229,255) alpha255=100.0000% in_box=100.0000% near_B=98.1588% near_A=0.0000%
DATA soft-cut t=0.801s size=1920x1080 tex=1920x1080 median=(26,178,229,255) alpha255=100.0000% in_box=100.0000% near_B=99.5037% near_A=0.0000%
DATA soft-cut t=0.839s size=1920x1080 tex=1920x1080 median=(26,178,229,255) alpha255=100.0000% in_box=100.0000% near_B=99.9072% near_A=0.0000%
DATA soft-cut t=0.873s size=1920x1080 tex=1920x1080 median=(26,178,229,255) alpha255=100.0000% in_box=100.0000% near_B=99.9706% near_A=0.0000%
DATA soft-cut t=0.909s size=1920x1080 tex=1920x1080 median=(26,178,229,255) alpha255=100.0000% in_box=100.0000% near_B=99.9946% near_A=0.0000%
DATA soft-cut t=0.947s size=1920x1080 tex=1920x1080 median=(26,178,229,255) alpha255=100.0000% in_box=100.0000% near_B=100.0000% near_A=0.0000%
DATA soft-cut t=0.984s size=1920x1080 tex=1920x1080 median=(26,178,229,255) alpha255=100.0000% in_box=100.0000% near_B=100.0000% near_A=0.0000%
DATA soft-cut t=1.019s size=1920x1080 tex=1920x1080 median=(26,178,229,255) alpha255=100.0000% in_box=100.0000% near_B=100.0000% near_A=0.0000%
DATA soft-cut t=1.055s size=1920x1080 tex=1920x1080 median=(26,178,229,255) alpha255=100.0000% in_box=100.0000% near_B=100.0000% near_A=0.0000%
DATA soft-cut t=1.087s size=1920x1080 tex=1920x1080 median=(26,178,229,255) alpha255=100.0000% in_box=100.0000% near_B=100.0000% near_A=0.0000%
DATA soft-cut t=1.118s size=1920x1080 tex=1920x1080 median=(26,178,229,255) alpha255=100.0000% in_box=100.0000% near_B=100.0000% near_A=0.0000%
DATA soft-cut t=1.151s size=1920x1080 tex=1920x1080 median=(26,178,229,255) alpha255=100.0000% in_box=100.0000% near_B=100.0000% near_A=0.0000%
DATA soft-cut t=1.183s size=1920x1080 tex=1920x1080 median=(26,178,229,255) alpha255=100.0000% in_box=100.0000% near_B=100.0000% near_A=0.0000%
DATA soft-cut t=1.218s size=1920x1080 tex=1920x1080 median=(26,178,229,255) alpha255=100.0000% in_box=100.0000% near_B=100.0000% near_A=0.0000%
DATA soft-cut t=1.257s size=1920x1080 tex=1920x1080 median=(26,178,229,255) alpha255=100.0000% in_box=100.0000% near_B=100.0000% near_A=0.0000%
DATA soft-cut t=1.299s size=1920x1080 tex=1920x1080 median=(26,178,229,255) alpha255=100.0000% in_box=100.0000% near_B=100.0000% near_A=0.0000%
DATA soft-cut t=1.335s size=1920x1080 tex=1920x1080 median=(26,178,229,255) alpha255=100.0000% in_box=100.0000% near_B=100.0000% near_A=0.0000%
DATA soft-cut t=1.427s size=1920x1080 tex=1920x1080 median=(26,178,229,255) alpha255=100.0000% in_box=100.0000% near_B=100.0000% near_A=0.0000%
DATA soft-cut t=1.587s size=1920x1080 tex=1920x1080 median=(26,178,229,255) alpha255=100.0000% in_box=100.0000% near_B=100.0000% near_A=0.0000%
DATA soft-cut t=1.747s size=1920x1080 tex=1920x1080 median=(26,178,229,255) alpha255=100.0000% in_box=100.0000% near_B=100.0000% near_A=0.0000%
DATA soft-cut t=1.856s size=1920x1080 tex=1920x1080 median=(26,178,229,255) alpha255=100.0000% in_box=100.0000% near_B=100.0000% near_A=0.0000%
DATA soft-cut t=1.887s size=1920x1080 tex=1920x1080 median=(26,178,229,255) alpha255=100.0000% in_box=100.0000% near_B=100.0000% near_A=0.0000%
DATA soft-cut t=1.919s size=1920x1080 tex=1920x1080 median=(26,178,229,255) alpha255=100.0000% in_box=100.0000% near_B=100.0000% near_A=0.0000%
DATA soft-cut t=1.952s size=1920x1080 tex=1920x1080 median=(26,178,229,255) alpha255=100.0000% in_box=100.0000% near_B=100.0000% near_A=0.0000%
DATA soft-cut t=1.983s size=1920x1080 tex=1920x1080 median=(26,178,229,255) alpha255=100.0000% in_box=100.0000% near_B=100.0000% near_A=0.0000%
DATA soft-cut frames=121 reads=42
DATA soft-cut mid_transition_read=1 last_read_near_B=100.0000%
===============================================================================
All tests passed (177 assertions in 1 test case)

