==================
WARNING: ThreadSanitizer: data race (pid=47186)
  Write of size 8 at 0x00016b811740 by thread T1:
    #0 CATCH2_INTERNAL_TEST_14()::$_1::operator()() const test_feature_bus.cpp:218 (test_feature_bus:arm64+0x1000120dc)
    #1 decltype(std::declval<CATCH2_INTERNAL_TEST_14()::$_1>()()) std::__1::__invoke[abi:ne180100]<CATCH2_INTERNAL_TEST_14()::$_1>(CATCH2_INTERNAL_TEST_14()::$_1&&) invoke.h:344 (test_feature_bus:arm64+0x100011fd0)
    #2 void std::__1::__thread_execute[abi:ne180100]<std::__1::unique_ptr<std::__1::__thread_struct, std::__1::default_delete<std::__1::__thread_struct>>, CATCH2_INTERNAL_TEST_14()::$_1>(std::__1::tuple<std::__1::unique_ptr<std::__1::__thread_struct, std::__1::default_delete<std::__1::__thread_struct>>, CATCH2_INTERNAL_TEST_14()::$_1>&, std::__1::__tuple_indices<>) thread.h:199 (test_feature_bus:arm64+0x100011f7c)
    #3 void* std::__1::__thread_proxy[abi:ne180100]<std::__1::tuple<std::__1::unique_ptr<std::__1::__thread_struct, std::__1::default_delete<std::__1::__thread_struct>>, CATCH2_INTERNAL_TEST_14()::$_1>>(void*) thread.h:208 (test_feature_bus:arm64+0x100011a10)

  Previous read of size 8 at 0x00016b811740 by thread T2:
    #0 CATCH2_INTERNAL_TEST_14()::$_0::operator()(bool) const test_feature_bus.cpp:243 (test_feature_bus:arm64+0x100013b44)
    #1 decltype(std::declval<CATCH2_INTERNAL_TEST_14()::$_0>()(std::declval<bool>())) std::__1::__invoke[abi:ne180100]<CATCH2_INTERNAL_TEST_14()::$_0, bool>(CATCH2_INTERNAL_TEST_14()::$_0&&, bool&&) invoke.h:344 (test_feature_bus:arm64+0x100013998)
    #2 void std::__1::__thread_execute[abi:ne180100]<std::__1::unique_ptr<std::__1::__thread_struct, std::__1::default_delete<std::__1::__thread_struct>>, CATCH2_INTERNAL_TEST_14()::$_0, bool, 2ul>(std::__1::tuple<std::__1::unique_ptr<std::__1::__thread_struct, std::__1::default_delete<std::__1::__thread_struct>>, CATCH2_INTERNAL_TEST_14()::$_0, bool>&, std::__1::__tuple_indices<2ul>) thread.h:199 (test_feature_bus:arm64+0x100013918)
    #3 void* std::__1::__thread_proxy[abi:ne180100]<std::__1::tuple<std::__1::unique_ptr<std::__1::__thread_struct, std::__1::default_delete<std::__1::__thread_struct>>, CATCH2_INTERNAL_TEST_14()::$_0, bool>>(void*) thread.h:208 (test_feature_bus:arm64+0x1000132dc)

  Location is stack of main thread.

  Thread T1 (tid=60761080, running) created by main thread at:
    #0 pthread_create <null>:125838880 (libclang_rt.tsan_osx_dynamic.dylib:arm64e+0x309d8)
    #1 std::__1::__libcpp_thread_create[abi:ne180100](_opaque_pthread_t**, void* (*)(void*), void*) __threading_support:317 (test_feature_bus:arm64+0x10000dedc)
    #2 std::__1::thread::thread<CATCH2_INTERNAL_TEST_14()::$_1, void>(CATCH2_INTERNAL_TEST_14()::$_1&&) thread.h:218 (test_feature_bus:arm64+0x1000117f4)
    #3 std::__1::thread::thread<CATCH2_INTERNAL_TEST_14()::$_1, void>(CATCH2_INTERNAL_TEST_14()::$_1&&) thread.h:213 (test_feature_bus:arm64+0x1000112b4)
    #4 CATCH2_INTERNAL_TEST_14() test_feature_bus.cpp:212 (test_feature_bus:arm64+0x100008174)
    #5 Catch::(anonymous namespace)::TestInvokerAsFunction::invoke() const catch_test_registry.cpp:60 (test_feature_bus:arm64+0x100105558)

  Thread T2 (tid=60761081, running) created by main thread at:
    #0 pthread_create <null>:125838880 (libclang_rt.tsan_osx_dynamic.dylib:arm64e+0x309d8)
    #1 std::__1::__libcpp_thread_create[abi:ne180100](_opaque_pthread_t**, void* (*)(void*), void*) __threading_support:317 (test_feature_bus:arm64+0x10000dedc)
    #2 std::__1::thread::thread<CATCH2_INTERNAL_TEST_14()::$_0&, bool, void>(CATCH2_INTERNAL_TEST_14()::$_0&, bool&&) thread.h:218 (test_feature_bus:arm64+0x1000130b0)
    #3 std::__1::thread::thread<CATCH2_INTERNAL_TEST_14()::$_0&, bool, void>(CATCH2_INTERNAL_TEST_14()::$_0&, bool&&) thread.h:213 (test_feature_bus:arm64+0x100012fc8)
    #4 std::__1::thread* std::__1::construct_at[abi:ne180100]<std::__1::thread, CATCH2_INTERNAL_TEST_14()::$_0&, bool, std::__1::thread*>(std::__1::thread*, CATCH2_INTERNAL_TEST_14()::$_0&, bool&&) construct_at.h:41 (test_feature_bus:arm64+0x100012f4c)
    #5 std::__1::thread* std::__1::__construct_at[abi:ne180100]<std::__1::thread, CATCH2_INTERNAL_TEST_14()::$_0&, bool, std::__1::thread*>(std::__1::thread*, CATCH2_INTERNAL_TEST_14()::$_0&, bool&&) construct_at.h:49 (test_feature_bus:arm64+0x100012ecc)
    #6 void std::__1::allocator_traits<std::__1::allocator<std::__1::thread>>::construct[abi:ne180100]<std::__1::thread, CATCH2_INTERNAL_TEST_14()::$_0&, bool, void, void>(std::__1::allocator<std::__1::thread>&, std::__1::thread*, CATCH2_INTERNAL_TEST_14()::$_0&, bool&&) allocator_traits.h:305 (test_feature_bus:arm64+0x100012cc4)
    #7 std::__1::thread* std::__1::vector<std::__1::thread, std::__1::allocator<std::__1::thread>>::__emplace_back_slow_path<CATCH2_INTERNAL_TEST_14()::$_0&, bool>(CATCH2_INTERNAL_TEST_14()::$_0&, bool&&) vector:1491 (test_feature_bus:arm64+0x100012b04)
    #8 std::__1::thread& std::__1::vector<std::__1::thread, std::__1::allocator<std::__1::thread>>::emplace_back<CATCH2_INTERNAL_TEST_14()::$_0&, bool>(CATCH2_INTERNAL_TEST_14()::$_0&, bool&&) vector:1511 (test_feature_bus:arm64+0x1000113e4)
    #9 CATCH2_INTERNAL_TEST_14() test_feature_bus.cpp:270 (test_feature_bus:arm64+0x1000081f8)
    #10 Catch::(anonymous namespace)::TestInvokerAsFunction::invoke() const catch_test_registry.cpp:60 (test_feature_bus:arm64+0x100105558)

SUMMARY: ThreadSanitizer: data race test_feature_bus.cpp:218 in CATCH2_INTERNAL_TEST_14()::$_1::operator()() const
==================
==================
WARNING: ThreadSanitizer: data race (pid=47186)
  Write of size 4 at 0x00016b811750 by thread T1:
    #0 CATCH2_INTERNAL_TEST_14()::$_1::operator()() const test_feature_bus.cpp:219 (test_feature_bus:arm64+0x100012100)
    #1 decltype(std::declval<CATCH2_INTERNAL_TEST_14()::$_1>()()) std::__1::__invoke[abi:ne180100]<CATCH2_INTERNAL_TEST_14()::$_1>(CATCH2_INTERNAL_TEST_14()::$_1&&) invoke.h:344 (test_feature_bus:arm64+0x100011fd0)
    #2 void std::__1::__thread_execute[abi:ne180100]<std::__1::unique_ptr<std::__1::__thread_struct, std::__1::default_delete<std::__1::__thread_struct>>, CATCH2_INTERNAL_TEST_14()::$_1>(std::__1::tuple<std::__1::unique_ptr<std::__1::__thread_struct, std::__1::default_delete<std::__1::__thread_struct>>, CATCH2_INTERNAL_TEST_14()::$_1>&, std::__1::__tuple_indices<>) thread.h:199 (test_feature_bus:arm64+0x100011f7c)
    #3 void* std::__1::__thread_proxy[abi:ne180100]<std::__1::tuple<std::__1::unique_ptr<std::__1::__thread_struct, std::__1::default_delete<std::__1::__thread_struct>>, CATCH2_INTERNAL_TEST_14()::$_1>>(void*) thread.h:208 (test_feature_bus:arm64+0x100011a10)

  Previous read of size 4 at 0x00016b811750 by thread T2:
    #0 CATCH2_INTERNAL_TEST_14()::$_0::operator()(bool) const test_feature_bus.cpp:244 (test_feature_bus:arm64+0x100013b60)
    #1 decltype(std::declval<CATCH2_INTERNAL_TEST_14()::$_0>()(std::declval<bool>())) std::__1::__invoke[abi:ne180100]<CATCH2_INTERNAL_TEST_14()::$_0, bool>(CATCH2_INTERNAL_TEST_14()::$_0&&, bool&&) invoke.h:344 (test_feature_bus:arm64+0x100013998)
    #2 void std::__1::__thread_execute[abi:ne180100]<std::__1::unique_ptr<std::__1::__thread_struct, std::__1::default_delete<std::__1::__thread_struct>>, CATCH2_INTERNAL_TEST_14()::$_0, bool, 2ul>(std::__1::tuple<std::__1::unique_ptr<std::__1::__thread_struct, std::__1::default_delete<std::__1::__thread_struct>>, CATCH2_INTERNAL_TEST_14()::$_0, bool>&, std::__1::__tuple_indices<2ul>) thread.h:199 (test_feature_bus:arm64+0x100013918)
    #3 void* std::__1::__thread_proxy[abi:ne180100]<std::__1::tuple<std::__1::unique_ptr<std::__1::__thread_struct, std::__1::default_delete<std::__1::__thread_struct>>, CATCH2_INTERNAL_TEST_14()::$_0, bool>>(void*) thread.h:208 (test_feature_bus:arm64+0x1000132dc)

  Location is stack of main thread.

  Thread T1 (tid=60761080, running) created by main thread at:
    #0 pthread_create <null>:125838880 (libclang_rt.tsan_osx_dynamic.dylib:arm64e+0x309d8)
    #1 std::__1::__libcpp_thread_create[abi:ne180100](_opaque_pthread_t**, void* (*)(void*), void*) __threading_support:317 (test_feature_bus:arm64+0x10000dedc)
    #2 std::__1::thread::thread<CATCH2_INTERNAL_TEST_14()::$_1, void>(CATCH2_INTERNAL_TEST_14()::$_1&&) thread.h:218 (test_feature_bus:arm64+0x1000117f4)
    #3 std::__1::thread::thread<CATCH2_INTERNAL_TEST_14()::$_1, void>(CATCH2_INTERNAL_TEST_14()::$_1&&) thread.h:213 (test_feature_bus:arm64+0x1000112b4)
    #4 CATCH2_INTERNAL_TEST_14() test_feature_bus.cpp:212 (test_feature_bus:arm64+0x100008174)
    #5 Catch::(anonymous namespace)::TestInvokerAsFunction::invoke() const catch_test_registry.cpp:60 (test_feature_bus:arm64+0x100105558)

  Thread T2 (tid=60761081, running) created by main thread at:
    #0 pthread_create <null>:125838880 (libclang_rt.tsan_osx_dynamic.dylib:arm64e+0x309d8)
    #1 std::__1::__libcpp_thread_create[abi:ne180100](_opaque_pthread_t**, void* (*)(void*), void*) __threading_support:317 (test_feature_bus:arm64+0x10000dedc)
    #2 std::__1::thread::thread<CATCH2_INTERNAL_TEST_14()::$_0&, bool, void>(CATCH2_INTERNAL_TEST_14()::$_0&, bool&&) thread.h:218 (test_feature_bus:arm64+0x1000130b0)
    #3 std::__1::thread::thread<CATCH2_INTERNAL_TEST_14()::$_0&, bool, void>(CATCH2_INTERNAL_TEST_14()::$_0&, bool&&) thread.h:213 (test_feature_bus:arm64+0x100012fc8)
    #4 std::__1::thread* std::__1::construct_at[abi:ne180100]<std::__1::thread, CATCH2_INTERNAL_TEST_14()::$_0&, bool, std::__1::thread*>(std::__1::thread*, CATCH2_INTERNAL_TEST_14()::$_0&, bool&&) construct_at.h:41 (test_feature_bus:arm64+0x100012f4c)
    #5 std::__1::thread* std::__1::__construct_at[abi:ne180100]<std::__1::thread, CATCH2_INTERNAL_TEST_14()::$_0&, bool, std::__1::thread*>(std::__1::thread*, CATCH2_INTERNAL_TEST_14()::$_0&, bool&&) construct_at.h:49 (test_feature_bus:arm64+0x100012ecc)
    #6 void std::__1::allocator_traits<std::__1::allocator<std::__1::thread>>::construct[abi:ne180100]<std::__1::thread, CATCH2_INTERNAL_TEST_14()::$_0&, bool, void, void>(std::__1::allocator<std::__1::thread>&, std::__1::thread*, CATCH2_INTERNAL_TEST_14()::$_0&, bool&&) allocator_traits.h:305 (test_feature_bus:arm64+0x100012cc4)
    #7 std::__1::thread* std::__1::vector<std::__1::thread, std::__1::allocator<std::__1::thread>>::__emplace_back_slow_path<CATCH2_INTERNAL_TEST_14()::$_0&, bool>(CATCH2_INTERNAL_TEST_14()::$_0&, bool&&) vector:1491 (test_feature_bus:arm64+0x100012b04)
    #8 std::__1::thread& std::__1::vector<std::__1::thread, std::__1::allocator<std::__1::thread>>::emplace_back<CATCH2_INTERNAL_TEST_14()::$_0&, bool>(CATCH2_INTERNAL_TEST_14()::$_0&, bool&&) vector:1511 (test_feature_bus:arm64+0x1000113e4)
    #9 CATCH2_INTERNAL_TEST_14() test_feature_bus.cpp:270 (test_feature_bus:arm64+0x1000081f8)
    #10 Catch::(anonymous namespace)::TestInvokerAsFunction::invoke() const catch_test_registry.cpp:60 (test_feature_bus:arm64+0x100105558)

SUMMARY: ThreadSanitizer: data race test_feature_bus.cpp:219 in CATCH2_INTERNAL_TEST_14()::$_1::operator()() const
==================
==================
WARNING: ThreadSanitizer: data race (pid=47186)
  Write of size 4 at 0x00016b811778 by thread T1:
    #0 CATCH2_INTERNAL_TEST_14()::$_1::operator()() const test_feature_bus.cpp:221 (test_feature_bus:arm64+0x10001216c)
    #1 decltype(std::declval<CATCH2_INTERNAL_TEST_14()::$_1>()()) std::__1::__invoke[abi:ne180100]<CATCH2_INTERNAL_TEST_14()::$_1>(CATCH2_INTERNAL_TEST_14()::$_1&&) invoke.h:344 (test_feature_bus:arm64+0x100011fd0)
    #2 void std::__1::__thread_execute[abi:ne180100]<std::__1::unique_ptr<std::__1::__thread_struct, std::__1::default_delete<std::__1::__thread_struct>>, CATCH2_INTERNAL_TEST_14()::$_1>(std::__1::tuple<std::__1::unique_ptr<std::__1::__thread_struct, std::__1::default_delete<std::__1::__thread_struct>>, CATCH2_INTERNAL_TEST_14()::$_1>&, std::__1::__tuple_indices<>) thread.h:199 (test_feature_bus:arm64+0x100011f7c)
    #3 void* std::__1::__thread_proxy[abi:ne180100]<std::__1::tuple<std::__1::unique_ptr<std::__1::__thread_struct, std::__1::default_delete<std::__1::__thread_struct>>, CATCH2_INTERNAL_TEST_14()::$_1>>(void*) thread.h:208 (test_feature_bus:arm64+0x100011a10)

  Previous read of size 4 at 0x00016b811778 by thread T2:
    #0 CATCH2_INTERNAL_TEST_14()::$_0::operator()(bool) const test_feature_bus.cpp:247 (test_feature_bus:arm64+0x100013bc0)
    #1 decltype(std::declval<CATCH2_INTERNAL_TEST_14()::$_0>()(std::declval<bool>())) std::__1::__invoke[abi:ne180100]<CATCH2_INTERNAL_TEST_14()::$_0, bool>(CATCH2_INTERNAL_TEST_14()::$_0&&, bool&&) invoke.h:344 (test_feature_bus:arm64+0x100013998)
    #2 void std::__1::__thread_execute[abi:ne180100]<std::__1::unique_ptr<std::__1::__thread_struct, std::__1::default_delete<std::__1::__thread_struct>>, CATCH2_INTERNAL_TEST_14()::$_0, bool, 2ul>(std::__1::tuple<std::__1::unique_ptr<std::__1::__thread_struct, std::__1::default_delete<std::__1::__thread_struct>>, CATCH2_INTERNAL_TEST_14()::$_0, bool>&, std::__1::__tuple_indices<2ul>) thread.h:199 (test_feature_bus:arm64+0x100013918)
    #3 void* std::__1::__thread_proxy[abi:ne180100]<std::__1::tuple<std::__1::unique_ptr<std::__1::__thread_struct, std::__1::default_delete<std::__1::__thread_struct>>, CATCH2_INTERNAL_TEST_14()::$_0, bool>>(void*) thread.h:208 (test_feature_bus:arm64+0x1000132dc)

  Location is stack of main thread.

  Thread T1 (tid=60761080, running) created by main thread at:
    #0 pthread_create <null>:125838880 (libclang_rt.tsan_osx_dynamic.dylib:arm64e+0x309d8)
    #1 std::__1::__libcpp_thread_create[abi:ne180100](_opaque_pthread_t**, void* (*)(void*), void*) __threading_support:317 (test_feature_bus:arm64+0x10000dedc)
    #2 std::__1::thread::thread<CATCH2_INTERNAL_TEST_14()::$_1, void>(CATCH2_INTERNAL_TEST_14()::$_1&&) thread.h:218 (test_feature_bus:arm64+0x1000117f4)
    #3 std::__1::thread::thread<CATCH2_INTERNAL_TEST_14()::$_1, void>(CATCH2_INTERNAL_TEST_14()::$_1&&) thread.h:213 (test_feature_bus:arm64+0x1000112b4)
    #4 CATCH2_INTERNAL_TEST_14() test_feature_bus.cpp:212 (test_feature_bus:arm64+0x100008174)
    #5 Catch::(anonymous namespace)::TestInvokerAsFunction::invoke() const catch_test_registry.cpp:60 (test_feature_bus:arm64+0x100105558)

  Thread T2 (tid=60761081, running) created by main thread at:
    #0 pthread_create <null>:125838880 (libclang_rt.tsan_osx_dynamic.dylib:arm64e+0x309d8)
    #1 std::__1::__libcpp_thread_create[abi:ne180100](_opaque_pthread_t**, void* (*)(void*), void*) __threading_support:317 (test_feature_bus:arm64+0x10000dedc)
    #2 std::__1::thread::thread<CATCH2_INTERNAL_TEST_14()::$_0&, bool, void>(CATCH2_INTERNAL_TEST_14()::$_0&, bool&&) thread.h:218 (test_feature_bus:arm64+0x1000130b0)
    #3 std::__1::thread::thread<CATCH2_INTERNAL_TEST_14()::$_0&, bool, void>(CATCH2_INTERNAL_TEST_14()::$_0&, bool&&) thread.h:213 (test_feature_bus:arm64+0x100012fc8)
    #4 std::__1::thread* std::__1::construct_at[abi:ne180100]<std::__1::thread, CATCH2_INTERNAL_TEST_14()::$_0&, bool, std::__1::thread*>(std::__1::thread*, CATCH2_INTERNAL_TEST_14()::$_0&, bool&&) construct_at.h:41 (test_feature_bus:arm64+0x100012f4c)
    #5 std::__1::thread* std::__1::__construct_at[abi:ne180100]<std::__1::thread, CATCH2_INTERNAL_TEST_14()::$_0&, bool, std::__1::thread*>(std::__1::thread*, CATCH2_INTERNAL_TEST_14()::$_0&, bool&&) construct_at.h:49 (test_feature_bus:arm64+0x100012ecc)
    #6 void std::__1::allocator_traits<std::__1::allocator<std::__1::thread>>::construct[abi:ne180100]<std::__1::thread, CATCH2_INTERNAL_TEST_14()::$_0&, bool, void, void>(std::__1::allocator<std::__1::thread>&, std::__1::thread*, CATCH2_INTERNAL_TEST_14()::$_0&, bool&&) allocator_traits.h:305 (test_feature_bus:arm64+0x100012cc4)
    #7 std::__1::thread* std::__1::vector<std::__1::thread, std::__1::allocator<std::__1::thread>>::__emplace_back_slow_path<CATCH2_INTERNAL_TEST_14()::$_0&, bool>(CATCH2_INTERNAL_TEST_14()::$_0&, bool&&) vector:1491 (test_feature_bus:arm64+0x100012b04)
    #8 std::__1::thread& std::__1::vector<std::__1::thread, std::__1::allocator<std::__1::thread>>::emplace_back<CATCH2_INTERNAL_TEST_14()::$_0&, bool>(CATCH2_INTERNAL_TEST_14()::$_0&, bool&&) vector:1511 (test_feature_bus:arm64+0x1000113e4)
    #9 CATCH2_INTERNAL_TEST_14() test_feature_bus.cpp:270 (test_feature_bus:arm64+0x1000081f8)
    #10 Catch::(anonymous namespace)::TestInvokerAsFunction::invoke() const catch_test_registry.cpp:60 (test_feature_bus:arm64+0x100105558)

SUMMARY: ThreadSanitizer: data race test_feature_bus.cpp:221 in CATCH2_INTERNAL_TEST_14()::$_1::operator()() const
==================
==================
WARNING: ThreadSanitizer: data race (pid=47186)
  Write of size 4 at 0x00016b8117b8 by thread T1:
    #0 CATCH2_INTERNAL_TEST_14()::$_1::operator()() const test_feature_bus.cpp:222 (test_feature_bus:arm64+0x1000121c8)
    #1 decltype(std::declval<CATCH2_INTERNAL_TEST_14()::$_1>()()) std::__1::__invoke[abi:ne180100]<CATCH2_INTERNAL_TEST_14()::$_1>(CATCH2_INTERNAL_TEST_14()::$_1&&) invoke.h:344 (test_feature_bus:arm64+0x100011fd0)
    #2 void std::__1::__thread_execute[abi:ne180100]<std::__1::unique_ptr<std::__1::__thread_struct, std::__1::default_delete<std::__1::__thread_struct>>, CATCH2_INTERNAL_TEST_14()::$_1>(std::__1::tuple<std::__1::unique_ptr<std::__1::__thread_struct, std::__1::default_delete<std::__1::__thread_struct>>, CATCH2_INTERNAL_TEST_14()::$_1>&, std::__1::__tuple_indices<>) thread.h:199 (test_feature_bus:arm64+0x100011f7c)
    #3 void* std::__1::__thread_proxy[abi:ne180100]<std::__1::tuple<std::__1::unique_ptr<std::__1::__thread_struct, std::__1::default_delete<std::__1::__thread_struct>>, CATCH2_INTERNAL_TEST_14()::$_1>>(void*) thread.h:208 (test_feature_bus:arm64+0x100011a10)

  Previous read of size 4 at 0x00016b8117b8 by thread T2:
    #0 CATCH2_INTERNAL_TEST_14()::$_0::operator()(bool) const test_feature_bus.cpp:248 (test_feature_bus:arm64+0x100013c2c)
    #1 decltype(std::declval<CATCH2_INTERNAL_TEST_14()::$_0>()(std::declval<bool>())) std::__1::__invoke[abi:ne180100]<CATCH2_INTERNAL_TEST_14()::$_0, bool>(CATCH2_INTERNAL_TEST_14()::$_0&&, bool&&) invoke.h:344 (test_feature_bus:arm64+0x100013998)
    #2 void std::__1::__thread_execute[abi:ne180100]<std::__1::unique_ptr<std::__1::__thread_struct, std::__1::default_delete<std::__1::__thread_struct>>, CATCH2_INTERNAL_TEST_14()::$_0, bool, 2ul>(std::__1::tuple<std::__1::unique_ptr<std::__1::__thread_struct, std::__1::default_delete<std::__1::__thread_struct>>, CATCH2_INTERNAL_TEST_14()::$_0, bool>&, std::__1::__tuple_indices<2ul>) thread.h:199 (test_feature_bus:arm64+0x100013918)
    #3 void* std::__1::__thread_proxy[abi:ne180100]<std::__1::tuple<std::__1::unique_ptr<std::__1::__thread_struct, std::__1::default_delete<std::__1::__thread_struct>>, CATCH2_INTERNAL_TEST_14()::$_0, bool>>(void*) thread.h:208 (test_feature_bus:arm64+0x1000132dc)

  Location is stack of main thread.

  Thread T1 (tid=60761080, running) created by main thread at:
    #0 pthread_create <null>:125838880 (libclang_rt.tsan_osx_dynamic.dylib:arm64e+0x309d8)
    #1 std::__1::__libcpp_thread_create[abi:ne180100](_opaque_pthread_t**, void* (*)(void*), void*) __threading_support:317 (test_feature_bus:arm64+0x10000dedc)
    #2 std::__1::thread::thread<CATCH2_INTERNAL_TEST_14()::$_1, void>(CATCH2_INTERNAL_TEST_14()::$_1&&) thread.h:218 (test_feature_bus:arm64+0x1000117f4)
    #3 std::__1::thread::thread<CATCH2_INTERNAL_TEST_14()::$_1, void>(CATCH2_INTERNAL_TEST_14()::$_1&&) thread.h:213 (test_feature_bus:arm64+0x1000112b4)
    #4 CATCH2_INTERNAL_TEST_14() test_feature_bus.cpp:212 (test_feature_bus:arm64+0x100008174)
    #5 Catch::(anonymous namespace)::TestInvokerAsFunction::invoke() const catch_test_registry.cpp:60 (test_feature_bus:arm64+0x100105558)

  Thread T2 (tid=60761081, running) created by main thread at:
    #0 pthread_create <null>:125838880 (libclang_rt.tsan_osx_dynamic.dylib:arm64e+0x309d8)
    #1 std::__1::__libcpp_thread_create[abi:ne180100](_opaque_pthread_t**, void* (*)(void*), void*) __threading_support:317 (test_feature_bus:arm64+0x10000dedc)
    #2 std::__1::thread::thread<CATCH2_INTERNAL_TEST_14()::$_0&, bool, void>(CATCH2_INTERNAL_TEST_14()::$_0&, bool&&) thread.h:218 (test_feature_bus:arm64+0x1000130b0)
    #3 std::__1::thread::thread<CATCH2_INTERNAL_TEST_14()::$_0&, bool, void>(CATCH2_INTERNAL_TEST_14()::$_0&, bool&&) thread.h:213 (test_feature_bus:arm64+0x100012fc8)
    #4 std::__1::thread* std::__1::construct_at[abi:ne180100]<std::__1::thread, CATCH2_INTERNAL_TEST_14()::$_0&, bool, std::__1::thread*>(std::__1::thread*, CATCH2_INTERNAL_TEST_14()::$_0&, bool&&) construct_at.h:41 (test_feature_bus:arm64+0x100012f4c)
    #5 std::__1::thread* std::__1::__construct_at[abi:ne180100]<std::__1::thread, CATCH2_INTERNAL_TEST_14()::$_0&, bool, std::__1::thread*>(std::__1::thread*, CATCH2_INTERNAL_TEST_14()::$_0&, bool&&) construct_at.h:49 (test_feature_bus:arm64+0x100012ecc)
    #6 void std::__1::allocator_traits<std::__1::allocator<std::__1::thread>>::construct[abi:ne180100]<std::__1::thread, CATCH2_INTERNAL_TEST_14()::$_0&, bool, void, void>(std::__1::allocator<std::__1::thread>&, std::__1::thread*, CATCH2_INTERNAL_TEST_14()::$_0&, bool&&) allocator_traits.h:305 (test_feature_bus:arm64+0x100012cc4)
    #7 std::__1::thread* std::__1::vector<std::__1::thread, std::__1::allocator<std::__1::thread>>::__emplace_back_slow_path<CATCH2_INTERNAL_TEST_14()::$_0&, bool>(CATCH2_INTERNAL_TEST_14()::$_0&, bool&&) vector:1491 (test_feature_bus:arm64+0x100012b04)
    #8 std::__1::thread& std::__1::vector<std::__1::thread, std::__1::allocator<std::__1::thread>>::emplace_back<CATCH2_INTERNAL_TEST_14()::$_0&, bool>(CATCH2_INTERNAL_TEST_14()::$_0&, bool&&) vector:1511 (test_feature_bus:arm64+0x1000113e4)
    #9 CATCH2_INTERNAL_TEST_14() test_feature_bus.cpp:270 (test_feature_bus:arm64+0x1000081f8)
    #10 Catch::(anonymous namespace)::TestInvokerAsFunction::invoke() const catch_test_registry.cpp:60 (test_feature_bus:arm64+0x100105558)

SUMMARY: ThreadSanitizer: data race test_feature_bus.cpp:222 in CATCH2_INTERNAL_TEST_14()::$_1::operator()() const
==================
==================
WARNING: ThreadSanitizer: data race (pid=47186)
  Write of size 4 at 0x00016b8117f8 by thread T1:
    #0 CATCH2_INTERNAL_TEST_14()::$_1::operator()() const test_feature_bus.cpp:223 (test_feature_bus:arm64+0x100012224)
    #1 decltype(std::declval<CATCH2_INTERNAL_TEST_14()::$_1>()()) std::__1::__invoke[abi:ne180100]<CATCH2_INTERNAL_TEST_14()::$_1>(CATCH2_INTERNAL_TEST_14()::$_1&&) invoke.h:344 (test_feature_bus:arm64+0x100011fd0)
    #2 void std::__1::__thread_execute[abi:ne180100]<std::__1::unique_ptr<std::__1::__thread_struct, std::__1::default_delete<std::__1::__thread_struct>>, CATCH2_INTERNAL_TEST_14()::$_1>(std::__1::tuple<std::__1::unique_ptr<std::__1::__thread_struct, std::__1::default_delete<std::__1::__thread_struct>>, CATCH2_INTERNAL_TEST_14()::$_1>&, std::__1::__tuple_indices<>) thread.h:199 (test_feature_bus:arm64+0x100011f7c)
    #3 void* std::__1::__thread_proxy[abi:ne180100]<std::__1::tuple<std::__1::unique_ptr<std::__1::__thread_struct, std::__1::default_delete<std::__1::__thread_struct>>, CATCH2_INTERNAL_TEST_14()::$_1>>(void*) thread.h:208 (test_feature_bus:arm64+0x100011a10)

  Previous read of size 4 at 0x00016b8117f8 by thread T2:
    #0 CATCH2_INTERNAL_TEST_14()::$_0::operator()(bool) const test_feature_bus.cpp:249 (test_feature_bus:arm64+0x100013c98)
    #1 decltype(std::declval<CATCH2_INTERNAL_TEST_14()::$_0>()(std::declval<bool>())) std::__1::__invoke[abi:ne180100]<CATCH2_INTERNAL_TEST_14()::$_0, bool>(CATCH2_INTERNAL_TEST_14()::$_0&&, bool&&) invoke.h:344 (test_feature_bus:arm64+0x100013998)
    #2 void std::__1::__thread_execute[abi:ne180100]<std::__1::unique_ptr<std::__1::__thread_struct, std::__1::default_delete<std::__1::__thread_struct>>, CATCH2_INTERNAL_TEST_14()::$_0, bool, 2ul>(std::__1::tuple<std::__1::unique_ptr<std::__1::__thread_struct, std::__1::default_delete<std::__1::__thread_struct>>, CATCH2_INTERNAL_TEST_14()::$_0, bool>&, std::__1::__tuple_indices<2ul>) thread.h:199 (test_feature_bus:arm64+0x100013918)
    #3 void* std::__1::__thread_proxy[abi:ne180100]<std::__1::tuple<std::__1::unique_ptr<std::__1::__thread_struct, std::__1::default_delete<std::__1::__thread_struct>>, CATCH2_INTERNAL_TEST_14()::$_0, bool>>(void*) thread.h:208 (test_feature_bus:arm64+0x1000132dc)

  Location is stack of main thread.

  Thread T1 (tid=60761080, running) created by main thread at:
    #0 pthread_create <null>:125838880 (libclang_rt.tsan_osx_dynamic.dylib:arm64e+0x309d8)
    #1 std::__1::__libcpp_thread_create[abi:ne180100](_opaque_pthread_t**, void* (*)(void*), void*) __threading_support:317 (test_feature_bus:arm64+0x10000dedc)
    #2 std::__1::thread::thread<CATCH2_INTERNAL_TEST_14()::$_1, void>(CATCH2_INTERNAL_TEST_14()::$_1&&) thread.h:218 (test_feature_bus:arm64+0x1000117f4)
    #3 std::__1::thread::thread<CATCH2_INTERNAL_TEST_14()::$_1, void>(CATCH2_INTERNAL_TEST_14()::$_1&&) thread.h:213 (test_feature_bus:arm64+0x1000112b4)
    #4 CATCH2_INTERNAL_TEST_14() test_feature_bus.cpp:212 (test_feature_bus:arm64+0x100008174)
    #5 Catch::(anonymous namespace)::TestInvokerAsFunction::invoke() const catch_test_registry.cpp:60 (test_feature_bus:arm64+0x100105558)

  Thread T2 (tid=60761081, running) created by main thread at:
    #0 pthread_create <null>:125838880 (libclang_rt.tsan_osx_dynamic.dylib:arm64e+0x309d8)
    #1 std::__1::__libcpp_thread_create[abi:ne180100](_opaque_pthread_t**, void* (*)(void*), void*) __threading_support:317 (test_feature_bus:arm64+0x10000dedc)
    #2 std::__1::thread::thread<CATCH2_INTERNAL_TEST_14()::$_0&, bool, void>(CATCH2_INTERNAL_TEST_14()::$_0&, bool&&) thread.h:218 (test_feature_bus:arm64+0x1000130b0)
    #3 std::__1::thread::thread<CATCH2_INTERNAL_TEST_14()::$_0&, bool, void>(CATCH2_INTERNAL_TEST_14()::$_0&, bool&&) thread.h:213 (test_feature_bus:arm64+0x100012fc8)
    #4 std::__1::thread* std::__1::construct_at[abi:ne180100]<std::__1::thread, CATCH2_INTERNAL_TEST_14()::$_0&, bool, std::__1::thread*>(std::__1::thread*, CATCH2_INTERNAL_TEST_14()::$_0&, bool&&) construct_at.h:41 (test_feature_bus:arm64+0x100012f4c)
    #5 std::__1::thread* std::__1::__construct_at[abi:ne180100]<std::__1::thread, CATCH2_INTERNAL_TEST_14()::$_0&, bool, std::__1::thread*>(std::__1::thread*, CATCH2_INTERNAL_TEST_14()::$_0&, bool&&) construct_at.h:49 (test_feature_bus:arm64+0x100012ecc)
    #6 void std::__1::allocator_traits<std::__1::allocator<std::__1::thread>>::construct[abi:ne180100]<std::__1::thread, CATCH2_INTERNAL_TEST_14()::$_0&, bool, void, void>(std::__1::allocator<std::__1::thread>&, std::__1::thread*, CATCH2_INTERNAL_TEST_14()::$_0&, bool&&) allocator_traits.h:305 (test_feature_bus:arm64+0x100012cc4)
    #7 std::__1::thread* std::__1::vector<std::__1::thread, std::__1::allocator<std::__1::thread>>::__emplace_back_slow_path<CATCH2_INTERNAL_TEST_14()::$_0&, bool>(CATCH2_INTERNAL_TEST_14()::$_0&, bool&&) vector:1491 (test_feature_bus:arm64+0x100012b04)
    #8 std::__1::thread& std::__1::vector<std::__1::thread, std::__1::allocator<std::__1::thread>>::emplace_back<CATCH2_INTERNAL_TEST_14()::$_0&, bool>(CATCH2_INTERNAL_TEST_14()::$_0&, bool&&) vector:1511 (test_feature_bus:arm64+0x1000113e4)
    #9 CATCH2_INTERNAL_TEST_14() test_feature_bus.cpp:270 (test_feature_bus:arm64+0x1000081f8)
    #10 Catch::(anonymous namespace)::TestInvokerAsFunction::invoke() const catch_test_registry.cpp:60 (test_feature_bus:arm64+0x100105558)

SUMMARY: ThreadSanitizer: data race test_feature_bus.cpp:223 in CATCH2_INTERNAL_TEST_14()::$_1::operator()() const
==================
==================
WARNING: ThreadSanitizer: data race (pid=47186)
  Write of size 8 at 0x00016b811748 by thread T1:
    #0 CATCH2_INTERNAL_TEST_14()::$_1::operator()() const test_feature_bus.cpp:224 (test_feature_bus:arm64+0x100012268)
    #1 decltype(std::declval<CATCH2_INTERNAL_TEST_14()::$_1>()()) std::__1::__invoke[abi:ne180100]<CATCH2_INTERNAL_TEST_14()::$_1>(CATCH2_INTERNAL_TEST_14()::$_1&&) invoke.h:344 (test_feature_bus:arm64+0x100011fd0)
    #2 void std::__1::__thread_execute[abi:ne180100]<std::__1::unique_ptr<std::__1::__thread_struct, std::__1::default_delete<std::__1::__thread_struct>>, CATCH2_INTERNAL_TEST_14()::$_1>(std::__1::tuple<std::__1::unique_ptr<std::__1::__thread_struct, std::__1::default_delete<std::__1::__thread_struct>>, CATCH2_INTERNAL_TEST_14()::$_1>&, std::__1::__tuple_indices<>) thread.h:199 (test_feature_bus:arm64+0x100011f7c)
    #3 void* std::__1::__thread_proxy[abi:ne180100]<std::__1::tuple<std::__1::unique_ptr<std::__1::__thread_struct, std::__1::default_delete<std::__1::__thread_struct>>, CATCH2_INTERNAL_TEST_14()::$_1>>(void*) thread.h:208 (test_feature_bus:arm64+0x100011a10)

  Previous read of size 8 at 0x00016b811748 by thread T2:
    #0 CATCH2_INTERNAL_TEST_14()::$_0::operator()(bool) const test_feature_bus.cpp:250 (test_feature_bus:arm64+0x100013ce0)
    #1 decltype(std::declval<CATCH2_INTERNAL_TEST_14()::$_0>()(std::declval<bool>())) std::__1::__invoke[abi:ne180100]<CATCH2_INTERNAL_TEST_14()::$_0, bool>(CATCH2_INTERNAL_TEST_14()::$_0&&, bool&&) invoke.h:344 (test_feature_bus:arm64+0x100013998)
    #2 void std::__1::__thread_execute[abi:ne180100]<std::__1::unique_ptr<std::__1::__thread_struct, std::__1::default_delete<std::__1::__thread_struct>>, CATCH2_INTERNAL_TEST_14()::$_0, bool, 2ul>(std::__1::tuple<std::__1::unique_ptr<std::__1::__thread_struct, std::__1::default_delete<std::__1::__thread_struct>>, CATCH2_INTERNAL_TEST_14()::$_0, bool>&, std::__1::__tuple_indices<2ul>) thread.h:199 (test_feature_bus:arm64+0x100013918)
    #3 void* std::__1::__thread_proxy[abi:ne180100]<std::__1::tuple<std::__1::unique_ptr<std::__1::__thread_struct, std::__1::default_delete<std::__1::__thread_struct>>, CATCH2_INTERNAL_TEST_14()::$_0, bool>>(void*) thread.h:208 (test_feature_bus:arm64+0x1000132dc)

  Location is stack of main thread.

  Thread T1 (tid=60761080, running) created by main thread at:
    #0 pthread_create <null>:125838880 (libclang_rt.tsan_osx_dynamic.dylib:arm64e+0x309d8)
    #1 std::__1::__libcpp_thread_create[abi:ne180100](_opaque_pthread_t**, void* (*)(void*), void*) __threading_support:317 (test_feature_bus:arm64+0x10000dedc)
    #2 std::__1::thread::thread<CATCH2_INTERNAL_TEST_14()::$_1, void>(CATCH2_INTERNAL_TEST_14()::$_1&&) thread.h:218 (test_feature_bus:arm64+0x1000117f4)
    #3 std::__1::thread::thread<CATCH2_INTERNAL_TEST_14()::$_1, void>(CATCH2_INTERNAL_TEST_14()::$_1&&) thread.h:213 (test_feature_bus:arm64+0x1000112b4)
    #4 CATCH2_INTERNAL_TEST_14() test_feature_bus.cpp:212 (test_feature_bus:arm64+0x100008174)
    #5 Catch::(anonymous namespace)::TestInvokerAsFunction::invoke() const catch_test_registry.cpp:60 (test_feature_bus:arm64+0x100105558)

  Thread T2 (tid=60761081, running) created by main thread at:
    #0 pthread_create <null>:125838880 (libclang_rt.tsan_osx_dynamic.dylib:arm64e+0x309d8)
    #1 std::__1::__libcpp_thread_create[abi:ne180100](_opaque_pthread_t**, void* (*)(void*), void*) __threading_support:317 (test_feature_bus:arm64+0x10000dedc)
    #2 std::__1::thread::thread<CATCH2_INTERNAL_TEST_14()::$_0&, bool, void>(CATCH2_INTERNAL_TEST_14()::$_0&, bool&&) thread.h:218 (test_feature_bus:arm64+0x1000130b0)
    #3 std::__1::thread::thread<CATCH2_INTERNAL_TEST_14()::$_0&, bool, void>(CATCH2_INTERNAL_TEST_14()::$_0&, bool&&) thread.h:213 (test_feature_bus:arm64+0x100012fc8)
    #4 std::__1::thread* std::__1::construct_at[abi:ne180100]<std::__1::thread, CATCH2_INTERNAL_TEST_14()::$_0&, bool, std::__1::thread*>(std::__1::thread*, CATCH2_INTERNAL_TEST_14()::$_0&, bool&&) construct_at.h:41 (test_feature_bus:arm64+0x100012f4c)
    #5 std::__1::thread* std::__1::__construct_at[abi:ne180100]<std::__1::thread, CATCH2_INTERNAL_TEST_14()::$_0&, bool, std::__1::thread*>(std::__1::thread*, CATCH2_INTERNAL_TEST_14()::$_0&, bool&&) construct_at.h:49 (test_feature_bus:arm64+0x100012ecc)
    #6 void std::__1::allocator_traits<std::__1::allocator<std::__1::thread>>::construct[abi:ne180100]<std::__1::thread, CATCH2_INTERNAL_TEST_14()::$_0&, bool, void, void>(std::__1::allocator<std::__1::thread>&, std::__1::thread*, CATCH2_INTERNAL_TEST_14()::$_0&, bool&&) allocator_traits.h:305 (test_feature_bus:arm64+0x100012cc4)
    #7 std::__1::thread* std::__1::vector<std::__1::thread, std::__1::allocator<std::__1::thread>>::__emplace_back_slow_path<CATCH2_INTERNAL_TEST_14()::$_0&, bool>(CATCH2_INTERNAL_TEST_14()::$_0&, bool&&) vector:1491 (test_feature_bus:arm64+0x100012b04)
    #8 std::__1::thread& std::__1::vector<std::__1::thread, std::__1::allocator<std::__1::thread>>::emplace_back<CATCH2_INTERNAL_TEST_14()::$_0&, bool>(CATCH2_INTERNAL_TEST_14()::$_0&, bool&&) vector:1511 (test_feature_bus:arm64+0x1000113e4)
    #9 CATCH2_INTERNAL_TEST_14() test_feature_bus.cpp:270 (test_feature_bus:arm64+0x1000081f8)
    #10 Catch::(anonymous namespace)::TestInvokerAsFunction::invoke() const catch_test_registry.cpp:60 (test_feature_bus:arm64+0x100105558)

SUMMARY: ThreadSanitizer: data race test_feature_bus.cpp:224 in CATCH2_INTERNAL_TEST_14()::$_1::operator()() const
==================
==================
WARNING: ThreadSanitizer: data race (pid=47186)
  Write of size 4 at 0x00016b811894 by thread T1:
    #0 CATCH2_INTERNAL_TEST_14()::$_1::operator()() const test_feature_bus.cpp:220 (test_feature_bus:arm64+0x100012124)
    #1 decltype(std::declval<CATCH2_INTERNAL_TEST_14()::$_1>()()) std::__1::__invoke[abi:ne180100]<CATCH2_INTERNAL_TEST_14()::$_1>(CATCH2_INTERNAL_TEST_14()::$_1&&) invoke.h:344 (test_feature_bus:arm64+0x100011fd0)
    #2 void std::__1::__thread_execute[abi:ne180100]<std::__1::unique_ptr<std::__1::__thread_struct, std::__1::default_delete<std::__1::__thread_struct>>, CATCH2_INTERNAL_TEST_14()::$_1>(std::__1::tuple<std::__1::unique_ptr<std::__1::__thread_struct, std::__1::default_delete<std::__1::__thread_struct>>, CATCH2_INTERNAL_TEST_14()::$_1>&, std::__1::__tuple_indices<>) thread.h:199 (test_feature_bus:arm64+0x100011f7c)
    #3 void* std::__1::__thread_proxy[abi:ne180100]<std::__1::tuple<std::__1::unique_ptr<std::__1::__thread_struct, std::__1::default_delete<std::__1::__thread_struct>>, CATCH2_INTERNAL_TEST_14()::$_1>>(void*) thread.h:208 (test_feature_bus:arm64+0x100011a10)

  Previous read of size 4 at 0x00016b811894 by thread T2:
    #0 CATCH2_INTERNAL_TEST_14()::$_0::operator()(bool) const test_feature_bus.cpp:245 (test_feature_bus:arm64+0x100013b7c)
    #1 decltype(std::declval<CATCH2_INTERNAL_TEST_14()::$_0>()(std::declval<bool>())) std::__1::__invoke[abi:ne180100]<CATCH2_INTERNAL_TEST_14()::$_0, bool>(CATCH2_INTERNAL_TEST_14()::$_0&&, bool&&) invoke.h:344 (test_feature_bus:arm64+0x100013998)
    #2 void std::__1::__thread_execute[abi:ne180100]<std::__1::unique_ptr<std::__1::__thread_struct, std::__1::default_delete<std::__1::__thread_struct>>, CATCH2_INTERNAL_TEST_14()::$_0, bool, 2ul>(std::__1::tuple<std::__1::unique_ptr<std::__1::__thread_struct, std::__1::default_delete<std::__1::__thread_struct>>, CATCH2_INTERNAL_TEST_14()::$_0, bool>&, std::__1::__tuple_indices<2ul>) thread.h:199 (test_feature_bus:arm64+0x100013918)
    #3 void* std::__1::__thread_proxy[abi:ne180100]<std::__1::tuple<std::__1::unique_ptr<std::__1::__thread_struct, std::__1::default_delete<std::__1::__thread_struct>>, CATCH2_INTERNAL_TEST_14()::$_0, bool>>(void*) thread.h:208 (test_feature_bus:arm64+0x1000132dc)

  Location is stack of main thread.

  Thread T1 (tid=60761080, running) created by main thread at:
    #0 pthread_create <null>:125838880 (libclang_rt.tsan_osx_dynamic.dylib:arm64e+0x309d8)
    #1 std::__1::__libcpp_thread_create[abi:ne180100](_opaque_pthread_t**, void* (*)(void*), void*) __threading_support:317 (test_feature_bus:arm64+0x10000dedc)
    #2 std::__1::thread::thread<CATCH2_INTERNAL_TEST_14()::$_1, void>(CATCH2_INTERNAL_TEST_14()::$_1&&) thread.h:218 (test_feature_bus:arm64+0x1000117f4)
    #3 std::__1::thread::thread<CATCH2_INTERNAL_TEST_14()::$_1, void>(CATCH2_INTERNAL_TEST_14()::$_1&&) thread.h:213 (test_feature_bus:arm64+0x1000112b4)
    #4 CATCH2_INTERNAL_TEST_14() test_feature_bus.cpp:212 (test_feature_bus:arm64+0x100008174)
    #5 Catch::(anonymous namespace)::TestInvokerAsFunction::invoke() const catch_test_registry.cpp:60 (test_feature_bus:arm64+0x100105558)

  Thread T2 (tid=60761081, running) created by main thread at:
    #0 pthread_create <null>:125838880 (libclang_rt.tsan_osx_dynamic.dylib:arm64e+0x309d8)
    #1 std::__1::__libcpp_thread_create[abi:ne180100](_opaque_pthread_t**, void* (*)(void*), void*) __threading_support:317 (test_feature_bus:arm64+0x10000dedc)
    #2 std::__1::thread::thread<CATCH2_INTERNAL_TEST_14()::$_0&, bool, void>(CATCH2_INTERNAL_TEST_14()::$_0&, bool&&) thread.h:218 (test_feature_bus:arm64+0x1000130b0)
    #3 std::__1::thread::thread<CATCH2_INTERNAL_TEST_14()::$_0&, bool, void>(CATCH2_INTERNAL_TEST_14()::$_0&, bool&&) thread.h:213 (test_feature_bus:arm64+0x100012fc8)
    #4 std::__1::thread* std::__1::construct_at[abi:ne180100]<std::__1::thread, CATCH2_INTERNAL_TEST_14()::$_0&, bool, std::__1::thread*>(std::__1::thread*, CATCH2_INTERNAL_TEST_14()::$_0&, bool&&) construct_at.h:41 (test_feature_bus:arm64+0x100012f4c)
    #5 std::__1::thread* std::__1::__construct_at[abi:ne180100]<std::__1::thread, CATCH2_INTERNAL_TEST_14()::$_0&, bool, std::__1::thread*>(std::__1::thread*, CATCH2_INTERNAL_TEST_14()::$_0&, bool&&) construct_at.h:49 (test_feature_bus:arm64+0x100012ecc)
    #6 void std::__1::allocator_traits<std::__1::allocator<std::__1::thread>>::construct[abi:ne180100]<std::__1::thread, CATCH2_INTERNAL_TEST_14()::$_0&, bool, void, void>(std::__1::allocator<std::__1::thread>&, std::__1::thread*, CATCH2_INTERNAL_TEST_14()::$_0&, bool&&) allocator_traits.h:305 (test_feature_bus:arm64+0x100012cc4)
    #7 std::__1::thread* std::__1::vector<std::__1::thread, std::__1::allocator<std::__1::thread>>::__emplace_back_slow_path<CATCH2_INTERNAL_TEST_14()::$_0&, bool>(CATCH2_INTERNAL_TEST_14()::$_0&, bool&&) vector:1491 (test_feature_bus:arm64+0x100012b04)
    #8 std::__1::thread& std::__1::vector<std::__1::thread, std::__1::allocator<std::__1::thread>>::emplace_back<CATCH2_INTERNAL_TEST_14()::$_0&, bool>(CATCH2_INTERNAL_TEST_14()::$_0&, bool&&) vector:1511 (test_feature_bus:arm64+0x1000113e4)
    #9 CATCH2_INTERNAL_TEST_14() test_feature_bus.cpp:270 (test_feature_bus:arm64+0x1000081f8)
    #10 Catch::(anonymous namespace)::TestInvokerAsFunction::invoke() const catch_test_registry.cpp:60 (test_feature_bus:arm64+0x100105558)

SUMMARY: ThreadSanitizer: data race test_feature_bus.cpp:220 in CATCH2_INTERNAL_TEST_14()::$_1::operator()() const
==================
Filters: "FeatureBus multi-reader coherence under concurrent publish"
Randomness seeded to: 889280624

~~~~~~~~~~~~~~~~~~~~~~~~~~~~~~~~~~~~~~~~~~~~~~~~~~~~~~~~~~~~~~~~~~~~~~~~~~~~~~~
test_feature_bus is a Catch2 v3.7.1 host application.
Run with -? for options

-------------------------------------------------------------------------------
FeatureBus multi-reader coherence under concurrent publish
-------------------------------------------------------------------------------
/Users/boriskarpman/projects/RealTimeAudio/tests/test_feature_bus.cpp:196
...............................................................................

/Users/boriskarpman/projects/RealTimeAudio/tests/test_feature_bus.cpp:279: FAILED:
  REQUIRE( tearViolations.load() == 0 )
with expansion:
  43 == 0

===============================================================================
test cases: 1 | 1 failed
assertions: 2 | 1 passed | 1 failed

ThreadSanitizer: reported 7 warnings
