probe-tsan-unit: configure build-tsan (ADNA_SANITIZE=thread, RelWithDebInfo) 2026-10-03 14:27:49
probe-tsan-unit: build test_layer_runtime_race test_manual_scalar_race 2026-10-03 14:28:20
[  0%] Building CXX object _deps/catch2-build/src/CMakeFiles/Catch2.dir/catch2/benchmark/catch_chronometer.cpp.o
[  0%] Building CXX object _deps/catch2-build/src/CMakeFiles/Catch2.dir/catch2/benchmark/detail/catch_analyse.cpp.o
[  0%] Building CXX object _deps/catch2-build/src/CMakeFiles/Catch2.dir/catch2/benchmark/detail/catch_benchmark_function.cpp.o
[  0%] Building CXX object _deps/catch2-build/src/CMakeFiles/Catch2.dir/catch2/benchmark/detail/catch_run_for_at_least.cpp.o
[  0%] Building CXX object _deps/catch2-build/src/CMakeFiles/Catch2.dir/catch2/benchmark/detail/catch_stats.cpp.o
[ 14%] Building CXX object _deps/catch2-build/src/CMakeFiles/Catch2.dir/catch2/generators/catch_generator_exception.cpp.o
[ 14%] Building CXX object _deps/catch2-build/src/CMakeFiles/Catch2.dir/catch2/generators/catch_generators.cpp.o
[ 14%] Building CXX object _deps/catch2-build/src/CMakeFiles/Catch2.dir/catch2/generators/catch_generators_random.cpp.o
[ 14%] Building CXX object _deps/catch2-build/src/CMakeFiles/Catch2.dir/catch2/reporters/catch_reporter_automake.cpp.o
[ 14%] Building CXX object _deps/catch2-build/src/CMakeFiles/Catch2.dir/catch2/reporters/catch_reporter_common_base.cpp.o
[ 14%] Building CXX object _deps/catch2-build/src/CMakeFiles/Catch2.dir/catch2/reporters/catch_reporter_compact.cpp.o
[ 14%] Building CXX object _deps/catch2-build/src/CMakeFiles/Catch2.dir/catch2/reporters/catch_reporter_console.cpp.o
[ 14%] Building CXX object _deps/catch2-build/src/CMakeFiles/Catch2.dir/catch2/reporters/catch_reporter_cumulative_base.cpp.o
[ 14%] Building CXX object _deps/catch2-build/src/CMakeFiles/Catch2.dir/catch2/reporters/catch_reporter_event_listener.cpp.o
[ 14%] Building CXX object _deps/catch2-build/src/CMakeFiles/Catch2.dir/catch2/reporters/catch_reporter_helpers.cpp.o
[ 14%] Building CXX object _deps/catch2-build/src/CMakeFiles/Catch2.dir/catch2/reporters/catch_reporter_json.cpp.o
[ 14%] Building CXX object _deps/catch2-build/src/CMakeFiles/Catch2.dir/catch2/reporters/catch_reporter_junit.cpp.o
[ 14%] Building CXX object _deps/catch2-build/src/CMakeFiles/Catch2.dir/catch2/reporters/catch_reporter_multi.cpp.o
[ 14%] Building CXX object _deps/catch2-build/src/CMakeFiles/Catch2.dir/catch2/reporters/catch_reporter_registrars.cpp.o
[ 14%] Building CXX object _deps/catch2-build/src/CMakeFiles/Catch2.dir/catch2/reporters/catch_reporter_sonarqube.cpp.o
[ 14%] Building CXX object _deps/catch2-build/src/CMakeFiles/Catch2.dir/catch2/reporters/catch_reporter_streaming_base.cpp.o
[ 14%] Building CXX object _deps/catch2-build/src/CMakeFiles/Catch2.dir/catch2/reporters/catch_reporter_tap.cpp.o
[ 14%] Building CXX object _deps/catch2-build/src/CMakeFiles/Catch2.dir/catch2/reporters/catch_reporter_teamcity.cpp.o
[ 14%] Building CXX object _deps/catch2-build/src/CMakeFiles/Catch2.dir/catch2/reporters/catch_reporter_xml.cpp.o
[ 14%] Building CXX object _deps/catch2-build/src/CMakeFiles/Catch2.dir/catch2/interfaces/catch_interfaces_capture.cpp.o
[ 28%] Building CXX object _deps/catch2-build/src/CMakeFiles/Catch2.dir/catch2/interfaces/catch_interfaces_config.cpp.o
[ 28%] Building CXX object _deps/catch2-build/src/CMakeFiles/Catch2.dir/catch2/interfaces/catch_interfaces_exception.cpp.o
[ 28%] Building CXX object _deps/catch2-build/src/CMakeFiles/Catch2.dir/catch2/interfaces/catch_interfaces_generatortracker.cpp.o
[ 28%] Building CXX object _deps/catch2-build/src/CMakeFiles/Catch2.dir/catch2/interfaces/catch_interfaces_registry_hub.cpp.o
[ 28%] Building CXX object _deps/catch2-build/src/CMakeFiles/Catch2.dir/catch2/interfaces/catch_interfaces_reporter.cpp.o
[ 28%] Building CXX object _deps/catch2-build/src/CMakeFiles/Catch2.dir/catch2/interfaces/catch_interfaces_reporter_factory.cpp.o
[ 28%] Building CXX object _deps/catch2-build/src/CMakeFiles/Catch2.dir/catch2/interfaces/catch_interfaces_testcase.cpp.o
[ 28%] Building CXX object _deps/catch2-build/src/CMakeFiles/Catch2.dir/catch2/catch_approx.cpp.o
[ 28%] Building CXX object _deps/catch2-build/src/CMakeFiles/Catch2.dir/catch2/catch_assertion_result.cpp.o
[ 28%] Building CXX object _deps/catch2-build/src/CMakeFiles/Catch2.dir/catch2/catch_config.cpp.o
[ 28%] Building CXX object _deps/catch2-build/src/CMakeFiles/Catch2.dir/catch2/catch_get_random_seed.cpp.o
[ 28%] Building CXX object _deps/catch2-build/src/CMakeFiles/Catch2.dir/catch2/catch_message.cpp.o
[ 28%] Building CXX object _deps/catch2-build/src/CMakeFiles/Catch2.dir/catch2/catch_registry_hub.cpp.o
[ 28%] Building CXX object _deps/catch2-build/src/CMakeFiles/Catch2.dir/catch2/catch_session.cpp.o
[ 28%] Building CXX object _deps/catch2-build/src/CMakeFiles/Catch2.dir/catch2/catch_tag_alias_autoregistrar.cpp.o
[ 28%] Building CXX object _deps/catch2-build/src/CMakeFiles/Catch2.dir/catch2/catch_test_case_info.cpp.o
[ 28%] Building CXX object _deps/catch2-build/src/CMakeFiles/Catch2.dir/catch2/catch_test_spec.cpp.o
[ 28%] Building CXX object _deps/catch2-build/src/CMakeFiles/Catch2.dir/catch2/catch_timer.cpp.o
[ 28%] Building CXX object _deps/catch2-build/src/CMakeFiles/Catch2.dir/catch2/catch_tostring.cpp.o
[ 42%] Building CXX object _deps/catch2-build/src/CMakeFiles/Catch2.dir/catch2/catch_totals.cpp.o
[ 42%] Building CXX object _deps/catch2-build/src/CMakeFiles/Catch2.dir/catch2/catch_translate_exception.cpp.o
[ 42%] Building CXX object _deps/catch2-build/src/CMakeFiles/Catch2.dir/catch2/catch_version.cpp.o
[ 42%] Building CXX object _deps/catch2-build/src/CMakeFiles/Catch2.dir/catch2/internal/catch_assertion_handler.cpp.o
[ 42%] Building CXX object _deps/catch2-build/src/CMakeFiles/Catch2.dir/catch2/internal/catch_case_insensitive_comparisons.cpp.o
[ 42%] Building CXX object _deps/catch2-build/src/CMakeFiles/Catch2.dir/catch2/internal/catch_clara.cpp.o
[ 42%] Building CXX object _deps/catch2-build/src/CMakeFiles/Catch2.dir/catch2/internal/catch_commandline.cpp.o
[ 42%] Building CXX object _deps/catch2-build/src/CMakeFiles/Catch2.dir/catch2/internal/catch_console_colour.cpp.o
[ 42%] Building CXX object _deps/catch2-build/src/CMakeFiles/Catch2.dir/catch2/internal/catch_context.cpp.o
[ 42%] Building CXX object _deps/catch2-build/src/CMakeFiles/Catch2.dir/catch2/internal/catch_debug_console.cpp.o
[ 42%] Building CXX object _deps/catch2-build/src/CMakeFiles/Catch2.dir/catch2/internal/catch_debugger.cpp.o
[ 42%] Building CXX object _deps/catch2-build/src/CMakeFiles/Catch2.dir/catch2/internal/catch_decomposer.cpp.o
[ 42%] Building CXX object _deps/catch2-build/src/CMakeFiles/Catch2.dir/catch2/internal/catch_enforce.cpp.o
[ 42%] Building CXX object _deps/catch2-build/src/CMakeFiles/Catch2.dir/catch2/internal/catch_enum_values_registry.cpp.o
[ 42%] Building CXX object _deps/catch2-build/src/CMakeFiles/Catch2.dir/catch2/internal/catch_errno_guard.cpp.o
[ 42%] Building CXX object _deps/catch2-build/src/CMakeFiles/Catch2.dir/catch2/internal/catch_exception_translator_registry.cpp.o
[ 42%] Building CXX object _deps/catch2-build/src/CMakeFiles/Catch2.dir/catch2/internal/catch_fatal_condition_handler.cpp.o
[ 42%] Building CXX object _deps/catch2-build/src/CMakeFiles/Catch2.dir/catch2/internal/catch_floating_point_helpers.cpp.o
[ 42%] Building CXX object _deps/catch2-build/src/CMakeFiles/Catch2.dir/catch2/internal/catch_getenv.cpp.o
[ 42%] Building CXX object _deps/catch2-build/src/CMakeFiles/Catch2.dir/catch2/internal/catch_istream.cpp.o
[ 57%] Building CXX object _deps/catch2-build/src/CMakeFiles/Catch2.dir/catch2/internal/catch_jsonwriter.cpp.o
[ 57%] Building CXX object _deps/catch2-build/src/CMakeFiles/Catch2.dir/catch2/internal/catch_lazy_expr.cpp.o
[ 57%] Building CXX object _deps/catch2-build/src/CMakeFiles/Catch2.dir/catch2/internal/catch_leak_detector.cpp.o
[ 57%] Building CXX object _deps/catch2-build/src/CMakeFiles/Catch2.dir/catch2/internal/catch_list.cpp.o
[ 57%] Building CXX object _deps/catch2-build/src/CMakeFiles/Catch2.dir/catch2/internal/catch_message_info.cpp.o
[ 57%] Building CXX object _deps/catch2-build/src/CMakeFiles/Catch2.dir/catch2/internal/catch_output_redirect.cpp.o
[ 57%] Building CXX object _deps/catch2-build/src/CMakeFiles/Catch2.dir/catch2/internal/catch_parse_numbers.cpp.o
[ 57%] Building CXX object _deps/catch2-build/src/CMakeFiles/Catch2.dir/catch2/internal/catch_polyfills.cpp.o
[ 57%] Building CXX object _deps/catch2-build/src/CMakeFiles/Catch2.dir/catch2/internal/catch_random_number_generator.cpp.o
[ 57%] Building CXX object _deps/catch2-build/src/CMakeFiles/Catch2.dir/catch2/internal/catch_reporter_registry.cpp.o
[ 57%] Building CXX object _deps/catch2-build/src/CMakeFiles/Catch2.dir/catch2/internal/catch_random_seed_generation.cpp.o
[ 57%] Building CXX object _deps/catch2-build/src/CMakeFiles/Catch2.dir/catch2/internal/catch_reporter_spec_parser.cpp.o
[ 57%] Building CXX object _deps/catch2-build/src/CMakeFiles/Catch2.dir/catch2/internal/catch_reusable_string_stream.cpp.o
[ 57%] Building CXX object _deps/catch2-build/src/CMakeFiles/Catch2.dir/catch2/internal/catch_run_context.cpp.o
[ 57%] Building CXX object _deps/catch2-build/src/CMakeFiles/Catch2.dir/catch2/internal/catch_section.cpp.o
[ 57%] Building CXX object _deps/catch2-build/src/CMakeFiles/Catch2.dir/catch2/internal/catch_singletons.cpp.o
[ 57%] Building CXX object _deps/catch2-build/src/CMakeFiles/Catch2.dir/catch2/internal/catch_source_line_info.cpp.o
[ 57%] Building CXX object _deps/catch2-build/src/CMakeFiles/Catch2.dir/catch2/internal/catch_startup_exception_registry.cpp.o
[ 57%] Building CXX object _deps/catch2-build/src/CMakeFiles/Catch2.dir/catch2/internal/catch_stdstreams.cpp.o
[ 71%] Building CXX object _deps/catch2-build/src/CMakeFiles/Catch2.dir/catch2/internal/catch_string_manip.cpp.o
[ 71%] Building CXX object _deps/catch2-build/src/CMakeFiles/Catch2.dir/catch2/internal/catch_stringref.cpp.o
[ 71%] Building CXX object _deps/catch2-build/src/CMakeFiles/Catch2.dir/catch2/internal/catch_tag_alias_registry.cpp.o
[ 71%] Building CXX object _deps/catch2-build/src/CMakeFiles/Catch2.dir/catch2/internal/catch_test_case_info_hasher.cpp.o
[ 71%] Building CXX object _deps/catch2-build/src/CMakeFiles/Catch2.dir/catch2/internal/catch_test_case_registry_impl.cpp.o
[ 71%] Building CXX object _deps/catch2-build/src/CMakeFiles/Catch2.dir/catch2/internal/catch_test_case_tracker.cpp.o
[ 71%] Building CXX object _deps/catch2-build/src/CMakeFiles/Catch2.dir/catch2/internal/catch_test_failure_exception.cpp.o
[ 71%] Building CXX object _deps/catch2-build/src/CMakeFiles/Catch2.dir/catch2/internal/catch_test_registry.cpp.o
[ 71%] Building CXX object _deps/catch2-build/src/CMakeFiles/Catch2.dir/catch2/internal/catch_textflow.cpp.o
[ 71%] Building CXX object _deps/catch2-build/src/CMakeFiles/Catch2.dir/catch2/internal/catch_test_spec_parser.cpp.o
[ 71%] Building CXX object _deps/catch2-build/src/CMakeFiles/Catch2.dir/catch2/internal/catch_uncaught_exceptions.cpp.o
[ 71%] Building CXX object _deps/catch2-build/src/CMakeFiles/Catch2.dir/catch2/internal/catch_wildcard_pattern.cpp.o
[ 71%] Building CXX object _deps/catch2-build/src/CMakeFiles/Catch2.dir/catch2/internal/catch_xmlwriter.cpp.o
[ 71%] Building CXX object _deps/catch2-build/src/CMakeFiles/Catch2.dir/catch2/matchers/catch_matchers.cpp.o
[ 71%] Building CXX object _deps/catch2-build/src/CMakeFiles/Catch2.dir/catch2/matchers/catch_matchers_container_properties.cpp.o
[ 71%] Building CXX object _deps/catch2-build/src/CMakeFiles/Catch2.dir/catch2/matchers/catch_matchers_exception.cpp.o
[ 71%] Building CXX object _deps/catch2-build/src/CMakeFiles/Catch2.dir/catch2/matchers/catch_matchers_floating_point.cpp.o
[ 71%] Building CXX object _deps/catch2-build/src/CMakeFiles/Catch2.dir/catch2/matchers/catch_matchers_predicate.cpp.o
[ 71%] Building CXX object _deps/catch2-build/src/CMakeFiles/Catch2.dir/catch2/matchers/catch_matchers_quantifiers.cpp.o
[ 71%] Building CXX object _deps/catch2-build/src/CMakeFiles/Catch2.dir/catch2/matchers/catch_matchers_string.cpp.o
[ 85%] Building CXX object _deps/catch2-build/src/CMakeFiles/Catch2.dir/catch2/matchers/catch_matchers_templated.cpp.o
[ 85%] Building CXX object _deps/catch2-build/src/CMakeFiles/Catch2.dir/catch2/matchers/internal/catch_matchers_impl.cpp.o
[ 85%] Linking CXX static library libCatch2.a
[ 85%] Built target Catch2
[ 85%] Building CXX object _deps/catch2-build/src/CMakeFiles/Catch2WithMain.dir/catch2/internal/catch_main.cpp.o
[ 85%] Linking CXX static library libCatch2Main.a
[ 85%] Built target Catch2WithMain
[ 85%] Building CXX object tests/CMakeFiles/test_layer_runtime_race.dir/__/src/model/Clip.cpp.o
[ 85%] Building CXX object tests/CMakeFiles/test_layer_runtime_race.dir/__/src/model/Layer.cpp.o
[ 85%] Building CXX object tests/CMakeFiles/test_layer_runtime_race.dir/test_layer_runtime_race.cpp.o
[ 85%] Building CXX object tests/CMakeFiles/test_layer_runtime_race.dir/__/src/connect/ConnSerialization.cpp.o
[ 85%] Building CXX object tests/CMakeFiles/test_layer_runtime_race.dir/__/src/model/Autopilot.cpp.o
[ 85%] Building CXX object tests/CMakeFiles/test_layer_runtime_race.dir/__/src/core/UndoManager.cpp.o
[ 85%] Building CXX object tests/CMakeFiles/test_layer_runtime_race.dir/Users/boriskarpman/projects/RealTimeAudio/build/_deps/juce-src/modules/juce_core/juce_core_CompilationTime.cpp.o
[ 85%] Building OBJCXX object tests/CMakeFiles/test_layer_runtime_race.dir/Users/boriskarpman/projects/RealTimeAudio/build/_deps/juce-src/modules/juce_core/juce_core.mm.o
[100%] Building OBJCXX object tests/CMakeFiles/test_layer_runtime_race.dir/Users/boriskarpman/projects/RealTimeAudio/build/_deps/juce-src/modules/juce_events/juce_events.mm.o
[100%] Building CXX object tests/CMakeFiles/test_layer_runtime_race.dir/Users/boriskarpman/projects/RealTimeAudio/build/_deps/juce-src/modules/juce_graphics/juce_graphics_Harfbuzz.cpp.o
[100%] Building C object tests/CMakeFiles/test_layer_runtime_race.dir/Users/boriskarpman/projects/RealTimeAudio/build/_deps/juce-src/modules/juce_graphics/juce_graphics_Sheenbidi.c.o
[100%] Building OBJCXX object tests/CMakeFiles/test_layer_runtime_race.dir/Users/boriskarpman/projects/RealTimeAudio/build/_deps/juce-src/modules/juce_graphics/juce_graphics.mm.o
[100%] Linking CXX executable test_layer_runtime_race
[100%] Built target test_layer_runtime_race
[ 85%] Built target Catch2
[ 85%] Built target Catch2WithMain
[ 85%] Building CXX object tests/CMakeFiles/test_manual_scalar_race.dir/test_manual_scalar_race.cpp.o
[ 85%] Building CXX object tests/CMakeFiles/test_manual_scalar_race.dir/__/src/model/Clip.cpp.o
[ 85%] Building CXX object tests/CMakeFiles/test_manual_scalar_race.dir/__/src/model/Layer.cpp.o
[ 85%] Building CXX object tests/CMakeFiles/test_manual_scalar_race.dir/__/src/connect/ConnectionShaper.cpp.o
[ 85%] Building CXX object tests/CMakeFiles/test_manual_scalar_race.dir/__/src/connect/ConnectionEngine.cpp.o
[ 85%] Building CXX object tests/CMakeFiles/test_manual_scalar_race.dir/__/src/connect/ConnSerialization.cpp.o
[ 85%] Building CXX object tests/CMakeFiles/test_manual_scalar_race.dir/__/src/connect/ManualWrite.cpp.o
[ 85%] Building CXX object tests/CMakeFiles/test_manual_scalar_race.dir/__/src/signal/SignalRegistry.cpp.o
[ 85%] Building CXX object tests/CMakeFiles/test_manual_scalar_race.dir/__/src/mapping/MappingEngine.cpp.o
[ 85%] Building CXX object tests/CMakeFiles/test_manual_scalar_race.dir/__/src/effects/Effect.cpp.o
[100%] Building CXX object tests/CMakeFiles/test_manual_scalar_race.dir/__/src/effects/EffectChain.cpp.o
[100%] Building CXX object tests/CMakeFiles/test_manual_scalar_race.dir/__/src/render/ShaderManager.cpp.o
[100%] Building CXX object tests/CMakeFiles/test_manual_scalar_race.dir/__/src/render/TextureManager.cpp.o
[100%] Building CXX object tests/CMakeFiles/test_manual_scalar_race.dir/__/src/render/LUTLoader.cpp.o
[100%] Building CXX object tests/CMakeFiles/test_manual_scalar_race.dir/__/src/render/FullscreenQuad.cpp.o
[100%] Building CXX object tests/CMakeFiles/test_manual_scalar_race.dir/__/src/core/UndoManager.cpp.o
[100%] Building CXX object tests/CMakeFiles/test_manual_scalar_race.dir/Users/boriskarpman/projects/RealTimeAudio/build/_deps/juce-src/modules/juce_core/juce_core_CompilationTime.cpp.o
[100%] Building OBJCXX object tests/CMakeFiles/test_manual_scalar_race.dir/Users/boriskarpman/projects/RealTimeAudio/build/_deps/juce-src/modules/juce_core/juce_core.mm.o
[100%] Building OBJCXX object tests/CMakeFiles/test_manual_scalar_race.dir/Users/boriskarpman/projects/RealTimeAudio/build/_deps/juce-src/modules/juce_events/juce_events.mm.o
[100%] Building CXX object tests/CMakeFiles/test_manual_scalar_race.dir/Users/boriskarpman/projects/RealTimeAudio/build/_deps/juce-src/modules/juce_graphics/juce_graphics_Harfbuzz.cpp.o
[100%] Building C object tests/CMakeFiles/test_manual_scalar_race.dir/Users/boriskarpman/projects/RealTimeAudio/build/_deps/juce-src/modules/juce_graphics/juce_graphics_Sheenbidi.c.o
[100%] Building OBJCXX object tests/CMakeFiles/test_manual_scalar_race.dir/Users/boriskarpman/projects/RealTimeAudio/build/_deps/juce-src/modules/juce_graphics/juce_graphics.mm.o
[100%] Building OBJCXX object tests/CMakeFiles/test_manual_scalar_race.dir/Users/boriskarpman/projects/RealTimeAudio/build/_deps/juce-src/modules/juce_opengl/juce_opengl.mm.o
[100%] Building OBJCXX object tests/CMakeFiles/test_manual_scalar_race.dir/Users/boriskarpman/projects/RealTimeAudio/build/_deps/juce-src/modules/juce_gui_extra/juce_gui_extra.mm.o
[100%] Building OBJCXX object tests/CMakeFiles/test_manual_scalar_race.dir/Users/boriskarpman/projects/RealTimeAudio/build/_deps/juce-src/modules/juce_gui_basics/juce_gui_basics.mm.o
[100%] Building OBJCXX object tests/CMakeFiles/test_manual_scalar_race.dir/Users/boriskarpman/projects/RealTimeAudio/build/_deps/juce-src/modules/juce_data_structures/juce_data_structures.mm.o
In file included from /Users/boriskarpman/projects/RealTimeAudio/build/_deps/juce-src/modules/juce_gui_basics/juce_gui_basics.mm:35:
/Users/boriskarpman/projects/RealTimeAudio/build/_deps/juce-src/modules/juce_gui_basics/juce_gui_basics.cpp:61:2: warning: This version of JUCE does not use the splash screen, the flag JUCE_DISPLAY_SPLASH_SCREEN is ignored [-W#pragma-messages]
   61 |  JUCE_COMPILER_WARNING ("This version of JUCE does not use the splash screen, the flag JUCE_DISPLAY_SPLASH_SCREEN is ignored")
      |  ^
/Users/boriskarpman/projects/RealTimeAudio/build/_deps/juce-src/modules/juce_core/system/juce_PlatformDefs.h:286:38: note: expanded from macro 'JUCE_COMPILER_WARNING'
  286 |  #define JUCE_COMPILER_WARNING(msg)  _Pragma (JUCE_STRINGIFY (message (msg)))
      |                                      ^
<scratch space>:41:2: note: expanded from here
   41 |  message ("This version of JUCE does not use the splash screen, the flag JUCE_DISPLAY_SPLASH_SCREEN is ignored")
      |  ^
1 warning generated.
[100%] Linking CXX executable test_manual_scalar_race
[100%] Built target test_manual_scalar_race
probe-tsan-unit: ctest -L tsan finds 5 [tsan] cases (expected 5)
probe-tsan-unit: ctest -L tsan 2026-10-03 14:29:52
Test project /Users/boriskarpman/projects/RealTimeAudio/build-tsan
    Start 112: R1 message-thread triggers vs render clock / autopilot on one deck
1/5 Test #112: R1 message-thread triggers vs render clock / autopilot on one deck ..........   Passed    0.26 sec
    Start 113: R2 clip runtime fields: trigger writes vs render transport write-back
2/5 Test #113: R2 clip runtime fields: trigger writes vs render transport write-back .......   Passed    0.26 sec
    Start 114: R4 tuple consistency and no lost fade under a paced trigger storm
3/5 Test #114: R4 tuple consistency and no lost fade under a paced trigger storm ...........   Passed    0.23 sec
    Start 115: R-bf9b fenced box and stack edits vs the GL resolve of refs into any deck
4/5 Test #115: R-bf9b fenced box and stack edits vs the GL resolve of refs into any deck ...   Passed    0.26 sec
    Start 116: R3 manual scalar writes vs eff() reads
5/5 Test #116: R3 manual scalar writes vs eff() reads ......................................   Passed    0.22 sec

100% tests passed, 0 tests failed out of 5

Label Time Summary:
tsan    =   1.24 sec*proc (5 tests)

Total Test time (real) =   1.25 sec
probe-tsan-unit: ctest rc=0 2026-10-03 14:29:53
