CAPT C3 start 2026-09-27 17:35:40 quiet=yes load={ 3.66 3.21 3.23 } app=SP/apps/C3/Audio-DNA.app
load default: {'ok': True}; enabled global effects: []
CAP C3_def1 png=(1920, 1080) ok=True http_rt_ms=115.6 bytes=108555 sha256=1eb4374362b485be5007ef919a7769ac9c0fee6c0d9ab749ea03b69bd23a339e
CAP C3_def2 png=(1920, 1080) ok=True http_rt_ms=93.0 bytes=108555 sha256=1eb4374362b485be5007ef919a7769ac9c0fee6c0d9ab749ea03b69bd23a339e
CAP C3_t1080_1 png=(1920, 1080) ok=True http_rt_ms=99.2 bytes=108555 sha256=1eb4374362b485be5007ef919a7769ac9c0fee6c0d9ab749ea03b69bd23a339e
CAP C3_t1080_2 png=(1920, 1080) ok=True http_rt_ms=100.2 bytes=108555 sha256=1eb4374362b485be5007ef919a7769ac9c0fee6c0d9ab749ea03b69bd23a339e
CAP C3_t1080_3 png=(1920, 1080) ok=True http_rt_ms=98.0 bytes=108555 sha256=1eb4374362b485be5007ef919a7769ac9c0fee6c0d9ab749ea03b69bd23a339e
load (1280, 720): {'ok': True}; enabled global effects: []
CAP C3_720_1 png=(1280, 720) ok=True http_rt_ms=63.6 bytes=62331 sha256=eb1f5191ac13fd94e975f3f00aa1c44a61c7677f4512186aa99496d8a8fb8156
CAP C3_720_2 png=(1280, 720) ok=True http_rt_ms=56.5 bytes=62331 sha256=eb1f5191ac13fd94e975f3f00aa1c44a61c7677f4512186aa99496d8a8fb8156
load (3840, 2160): {'ok': True}; enabled global effects: []
CAP C3_t4k_1 png=(3840, 2160) ok=True http_rt_ms=350.5 bytes=298975 sha256=650ef6677958a8b01340f22cd4ad4e50de830425db92062c6bb04cd255863ac7
PIL def1 vs def2: shape (1080, 1920, 4) array_equal=True mean RGBA [16.83, 0.97, 12.22, 191.0] alpha min/max 191/191
PIL 7201 vs 7202: shape (720, 1280, 4) array_equal=True mean RGBA [16.83, 0.97, 12.22, 191.0] alpha min/max 191/191
CAPT C3 end 2026-09-27 17:35:54 load={ 4.32 3.38 3.29 } compilers=[0/0]
app running after quit: no
audio-dna windows 0, Output-named 0
--- app err.log capture lines:
[Eyes] Processing capture: canvas 1920x1080
[Eyes] Captured frame: SP/capt/C3/C3_def1.png (1920x1080) read=5.0 convert=7.8 png=92.3 ms
[Eyes] Processing capture: canvas 1920x1080
[Eyes] Captured frame: SP/capt/C3/C3_def2.png (1920x1080) read=2.3 convert=3.9 png=79.9 ms
[Eyes] Processing capture: canvas 1920x1080
[Eyes] Captured frame: SP/capt/C3/C3_t1080_1.png (1920x1080) read=2.4 convert=4.3 png=80.0 ms
[Eyes] Processing capture: canvas 1920x1080
[Eyes] Captured frame: SP/capt/C3/C3_t1080_2.png (1920x1080) read=2.3 convert=4.5 png=79.3 ms
[Eyes] Processing capture: canvas 1920x1080
[Eyes] Captured frame: SP/capt/C3/C3_t1080_3.png (1920x1080) read=2.3 convert=3.9 png=79.7 ms
[Eyes] Processing capture: canvas 1280x720
[Eyes] Captured frame: SP/capt/C3/C3_720_1.png (1280x720) read=2.5 convert=4.8 png=44.9 ms
[Eyes] Processing capture: canvas 1280x720
[Eyes] Captured frame: SP/capt/C3/C3_720_2.png (1280x720) read=1.7 convert=1.8 png=38.9 ms
[Eyes] Processing capture: canvas 3840x2160
[Eyes] Captured frame: SP/capt/C3/C3_t4k_1.png (3840x2160) read=7.6 convert=27.3 png=305.6 ms
