app: SP/apps/C3/Audio-DNA.app
out: SP/live/c3/dclock.uA97FZ
--- d_fade_finishes
      d_fade_finishes: d(A,B)=29.43 FLOOR=1.00
      d_fade_finishes: deck 0 L0 (t, crossfadeProgress, previousClipColumn) while away: [(0.83, 0.203112721443176, 0), (1.34, 0.330216556787491, 0), (1.85, 0.458250373601913, 0), (2.37, 0.587867558002472, 0), (2.87, 0.71280312538147, 0), (3.38, 0.840413749217987, 0), (3.89, 0.968527436256409, 0), (4.4, 1.0, -1), (4.92, 1.0, -1), (5.44, 1.0, -1)]
PASS  d_fade_finishes: the fade keeps advancing while its deck is not shown (progress +0.26 between samples 1 and 3)
PASS  d_fade_finishes: the fade is complete (progress 1.0, previousClipColumn -1) by T + 1 s while away (first complete sample (4.4, 1.0, -1))
PASS  d_fade_finishes: back on deck 0 the incoming clip is showing, fade finished (d(f, refB)=0.00, floor 1.00; d(f, refA)=29.43)
--- d_persistent_single_advance
PASS  d_persistent_single_advance: a persistent layer's fade advances once per frame while its deck is away (progress 0.50 at T/2 = 2.0 s, expected in [0.35, 0.65])
--- d_pending_trigger_still_cancelled
PASS  d_pending_trigger_still_cancelled: a quantized trigger left waiting on the deck is cancelled when you leave it (L5): deck 0 activeClipColumn 0 after 4 crossings
--- d_video_keeps_time
PASS  d_video_keeps_time: a video keeps playing while its deck is away (t0 1.98 s, t1 6.40 s, t1 - t0 = 4.42 s after 4.0 s away, expected in [3.5, 5.5])
PASS  d_video_keeps_time: /api/composition playheadPosition 0.547 matches the frame (0.533 +- 0.06)
--- d_imageseq_keeps_time
      d_imageseq_keeps_time: d(rA, rB)=29.43 FLOOR=1.00
PASS  d_imageseq_keeps_time: an image sequence keeps its clock while its deck is away (back after 2.0 s: d(f, frame B)=0.00, floor 1.00; d(f, frame A)=29.43)
--- d_autopilot_keeps_time
PASS  d_autopilot_keeps_time: autopilot keeps advancing a deck that is away (6 beat crossings, Beat4 / PlayNext: deck 0 activeClipColumn 1, expected >= 1)
--- d_return_hitch
      d_return_hitch: peak_frame_time_ms while away 18.36, across the return 20.98 (fps 109.1)
PASS  d_return_hitch: the return frame's catch-up decode (1080p, GOP 60, 5.0 s away) stays under 50.0 ms (peak 20.98 ms; REPORT -- target <= 16)

PY 10 PASS / 0 FAIL
PASS  no foreign render_frame traffic during the run
PASS  app terminated

PROBE-DECK-CLOCK GREEN
